<?xml version="1.0" encoding="ISO-8859-1" ?>
<link_info>
   <banner>TI ARM Clang Linker PC v4.0.4.LTS</banner>
   <copyright>Copyright (c) 1996-2018 Texas Instruments Incorporated</copyright>
   <command_line>D:\TI\CCS\ccs\tools\compiler\ti-cgt-armllvm_4.0.4.LTS\bin\tiarmlnk -ID:\TI\CCS\ccs\tools\compiler\ti-cgt-armllvm_4.0.4.LTS\lib -o target.out -mtarget.map -iD:/K230/Program/Target-mspm0/freertos_builds_LP_MSPM0G3507_release_ticlang/Debug -iD:/TI/CCS/mspm0_sdk_2_10_00_04/source -iD:/K230/Program/Target-mspm0/target -iD:/K230/Program/Target-mspm0/target/Debug/syscfg -iD:/TI/CCS/ccs/tools/compiler/ti-cgt-armllvm_4.0.4.LTS/lib --diag_wrap=off --display_error_number --warn_sections --xml_link_info=target_linkInfo.xml --rom_model ./main-posix.o ./main.o ./ti_msp_dl_config.o ./freertos/ticlang/startup_mspm0g350x_ticlang.o ../mspm0g3507.cmd -lfreertos_builds_LP_MSPM0G3507_release_ticlang.lib -lD:/TI/CCS/mspm0_sdk_2_10_00_04/source/ti/driverlib/lib/ticlang/m0p/mspm0g1x0x_g3x0x/driverlib.a -llibc.a --start-group -llibc++.a -llibc++abi.a -llibc.a -llibsys.a -llibsysbm.a -llibclang_rt.builtins.a -llibclang_rt.profile.a --end-group --cg_opt_level=2</command_line>
   <link_time>0x6a4c847e</link_time>
   <link_errors>0x0</link_errors>
   <output_file>D:\K230\Program\Target-mspm0\target\Debug\target.out</output_file>
   <entry_point>
      <name>_c_int00_noargs</name>
      <address>0x371d</address>
   </entry_point>
   <input_file_list>
      <input_file id="fl-1">
         <path>D:\K230\Program\Target-mspm0\target\Debug\.\</path>
         <kind>object</kind>
         <file>main-posix.o</file>
         <name>main-posix.o</name>
      </input_file>
      <input_file id="fl-2">
         <path>D:\K230\Program\Target-mspm0\target\Debug\.\</path>
         <kind>object</kind>
         <file>main.o</file>
         <name>main.o</name>
      </input_file>
      <input_file id="fl-3">
         <path>D:\K230\Program\Target-mspm0\target\Debug\.\</path>
         <kind>object</kind>
         <file>ti_msp_dl_config.o</file>
         <name>ti_msp_dl_config.o</name>
      </input_file>
      <input_file id="fl-4">
         <path>D:\K230\Program\Target-mspm0\target\Debug\.\freertos\ticlang\</path>
         <kind>object</kind>
         <file>startup_mspm0g350x_ticlang.o</file>
         <name>startup_mspm0g350x_ticlang.o</name>
      </input_file>
      <input_file id="fl-11">
         <path>D:\K230\Program\Target-mspm0\target\Debug\</path>
         <kind>object</kind>
         <file>&lt;internal&gt;</file>
         <name>&lt;internal&gt;</name>
      </input_file>
      <input_file id="fl-12">
         <path>D:\K230\Program\Target-mspm0\freertos_builds_LP_MSPM0G3507_release_ticlang\Debug\</path>
         <kind>archive</kind>
         <file>freertos_builds_LP_MSPM0G3507_release_ticlang.lib</file>
         <name>tasks.o</name>
      </input_file>
      <input_file id="fl-13">
         <path>D:\K230\Program\Target-mspm0\freertos_builds_LP_MSPM0G3507_release_ticlang\Debug\</path>
         <kind>archive</kind>
         <file>freertos_builds_LP_MSPM0G3507_release_ticlang.lib</file>
         <name>timers.o</name>
      </input_file>
      <input_file id="fl-14">
         <path>D:\K230\Program\Target-mspm0\freertos_builds_LP_MSPM0G3507_release_ticlang\Debug\</path>
         <kind>archive</kind>
         <file>freertos_builds_LP_MSPM0G3507_release_ticlang.lib</file>
         <name>port.o</name>
      </input_file>
      <input_file id="fl-15">
         <path>D:\K230\Program\Target-mspm0\freertos_builds_LP_MSPM0G3507_release_ticlang\Debug\</path>
         <kind>archive</kind>
         <file>freertos_builds_LP_MSPM0G3507_release_ticlang.lib</file>
         <name>portasm.o</name>
      </input_file>
      <input_file id="fl-16">
         <path>D:\K230\Program\Target-mspm0\freertos_builds_LP_MSPM0G3507_release_ticlang\Debug\</path>
         <kind>archive</kind>
         <file>freertos_builds_LP_MSPM0G3507_release_ticlang.lib</file>
         <name>PTLS.o</name>
      </input_file>
      <input_file id="fl-17">
         <path>D:\K230\Program\Target-mspm0\freertos_builds_LP_MSPM0G3507_release_ticlang\Debug\</path>
         <kind>archive</kind>
         <file>freertos_builds_LP_MSPM0G3507_release_ticlang.lib</file>
         <name>pthread.o</name>
      </input_file>
      <input_file id="fl-18">
         <path>D:\K230\Program\Target-mspm0\freertos_builds_LP_MSPM0G3507_release_ticlang\Debug\</path>
         <kind>archive</kind>
         <file>freertos_builds_LP_MSPM0G3507_release_ticlang.lib</file>
         <name>StaticAllocs_freertos.o</name>
      </input_file>
      <input_file id="fl-19">
         <path>D:\K230\Program\Target-mspm0\freertos_builds_LP_MSPM0G3507_release_ticlang\Debug\</path>
         <kind>archive</kind>
         <file>freertos_builds_LP_MSPM0G3507_release_ticlang.lib</file>
         <name>heap_4.o</name>
      </input_file>
      <input_file id="fl-1a">
         <path>D:\K230\Program\Target-mspm0\freertos_builds_LP_MSPM0G3507_release_ticlang\Debug\</path>
         <kind>archive</kind>
         <file>freertos_builds_LP_MSPM0G3507_release_ticlang.lib</file>
         <name>list.o</name>
      </input_file>
      <input_file id="fl-1b">
         <path>D:\K230\Program\Target-mspm0\freertos_builds_LP_MSPM0G3507_release_ticlang\Debug\</path>
         <kind>archive</kind>
         <file>freertos_builds_LP_MSPM0G3507_release_ticlang.lib</file>
         <name>queue.o</name>
      </input_file>
      <input_file id="fl-1c">
         <path>D:\TI\CCS\mspm0_sdk_2_10_00_04\source\ti\driverlib\lib\ticlang\m0p\mspm0g1x0x_g3x0x\</path>
         <kind>archive</kind>
         <file>driverlib.a</file>
         <name>dl_common.o</name>
      </input_file>
      <input_file id="fl-1d">
         <path>D:\TI\CCS\mspm0_sdk_2_10_00_04\source\ti\driverlib\lib\ticlang\m0p\mspm0g1x0x_g3x0x\</path>
         <kind>archive</kind>
         <file>driverlib.a</file>
         <name>dl_uart.o</name>
      </input_file>
      <input_file id="fl-34">
         <path>D:\TI\CCS\ccs\tools\compiler\ti-cgt-armllvm_4.0.4.LTS\lib\armv6m-ti-none-eabi\c\</path>
         <kind>archive</kind>
         <file>libc.a</file>
         <name>boot_cortex_m.c.obj</name>
      </input_file>
      <input_file id="fl-35">
         <path>D:\TI\CCS\ccs\tools\compiler\ti-cgt-armllvm_4.0.4.LTS\lib\armv6m-ti-none-eabi\c\</path>
         <kind>archive</kind>
         <file>libc.a</file>
         <name>mathacl_init.c.obj</name>
      </input_file>
      <input_file id="fl-36">
         <path>D:\TI\CCS\ccs\tools\compiler\ti-cgt-armllvm_4.0.4.LTS\lib\armv6m-ti-none-eabi\c\</path>
         <kind>archive</kind>
         <file>libc.a</file>
         <name>autoinit.c.obj</name>
      </input_file>
      <input_file id="fl-37">
         <path>D:\TI\CCS\ccs\tools\compiler\ti-cgt-armllvm_4.0.4.LTS\lib\armv6m-ti-none-eabi\c\</path>
         <kind>archive</kind>
         <file>libc.a</file>
         <name>pre_init.c.obj</name>
      </input_file>
      <input_file id="fl-38">
         <path>D:\TI\CCS\ccs\tools\compiler\ti-cgt-armllvm_4.0.4.LTS\lib\armv6m-ti-none-eabi\c\</path>
         <kind>archive</kind>
         <file>libc.a</file>
         <name>cpy_tbl.c.obj</name>
      </input_file>
      <input_file id="fl-39">
         <path>D:\TI\CCS\ccs\tools\compiler\ti-cgt-armllvm_4.0.4.LTS\lib\armv6m-ti-none-eabi\c\</path>
         <kind>archive</kind>
         <file>libc.a</file>
         <name>copy_zero_init.c.obj</name>
      </input_file>
      <input_file id="fl-3a">
         <path>D:\TI\CCS\ccs\tools\compiler\ti-cgt-armllvm_4.0.4.LTS\lib\armv6m-ti-none-eabi\c\</path>
         <kind>archive</kind>
         <file>libc.a</file>
         <name>copy_decompress_none.c.obj</name>
      </input_file>
      <input_file id="fl-3b">
         <path>D:\TI\CCS\ccs\tools\compiler\ti-cgt-armllvm_4.0.4.LTS\lib\armv6m-ti-none-eabi\c\</path>
         <kind>archive</kind>
         <file>libc.a</file>
         <name>copy_decompress_lzss.c.obj</name>
      </input_file>
      <input_file id="fl-3c">
         <path>D:\TI\CCS\ccs\tools\compiler\ti-cgt-armllvm_4.0.4.LTS\lib\armv6m-ti-none-eabi\c\</path>
         <kind>archive</kind>
         <file>libc.a</file>
         <name>exit.c.obj</name>
      </input_file>
      <input_file id="fl-3d">
         <path>D:\TI\CCS\ccs\tools\compiler\ti-cgt-armllvm_4.0.4.LTS\lib\armv6m-ti-none-eabi\c\</path>
         <kind>archive</kind>
         <file>libc.a</file>
         <name>_lock.c.obj</name>
      </input_file>
      <input_file id="fl-3e">
         <path>D:\TI\CCS\ccs\tools\compiler\ti-cgt-armllvm_4.0.4.LTS\lib\armv6m-ti-none-eabi\c\</path>
         <kind>archive</kind>
         <file>libc.a</file>
         <name>args_main.c.obj</name>
      </input_file>
      <input_file id="fl-de">
         <path>D:\TI\CCS\ccs\tools\compiler\ti-cgt-armllvm_4.0.4.LTS\lib\armv6m-ti-none-eabi\c\</path>
         <kind>archive</kind>
         <file>libsysbm.a</file>
         <name>hostexit.c.obj</name>
      </input_file>
      <input_file id="fl-df">
         <path>D:\TI\CCS\ccs\tools\compiler\ti-cgt-armllvm_4.0.4.LTS\lib\armv6m-ti-none-eabi\</path>
         <kind>archive</kind>
         <file>libclang_rt.builtins.a</file>
         <name>aeabi_memcpy.S.obj</name>
      </input_file>
      <input_file id="fl-e0">
         <path>D:\TI\CCS\ccs\tools\compiler\ti-cgt-armllvm_4.0.4.LTS\lib\armv6m-ti-none-eabi\</path>
         <kind>archive</kind>
         <file>libclang_rt.builtins.a</file>
         <name>aeabi_memset.S.obj</name>
      </input_file>
      <input_file id="fl-e1">
         <path>D:\TI\CCS\ccs\tools\compiler\ti-cgt-armllvm_4.0.4.LTS\lib\armv6m-ti-none-eabi\</path>
         <kind>archive</kind>
         <file>libclang_rt.builtins.a</file>
         <name>aeabi_uidivmod.S.obj</name>
      </input_file>
      <input_file id="fl-e2">
         <path>D:\TI\CCS\ccs\tools\compiler\ti-cgt-armllvm_4.0.4.LTS\lib\armv6m-ti-none-eabi\</path>
         <kind>archive</kind>
         <file>libclang_rt.builtins.a</file>
         <name>aeabi_div0.c.obj</name>
      </input_file>
      <input_file id="fl-e3">
         <path>D:\TI\CCS\ccs\tools\compiler\ti-cgt-armllvm_4.0.4.LTS\lib\armv6m-ti-none-eabi\c\</path>
         <kind>archive</kind>
         <file>libc.a</file>
         <name>memcpy16.S.obj</name>
      </input_file>
      <input_file id="fl-e4">
         <path>D:\TI\CCS\ccs\tools\compiler\ti-cgt-armllvm_4.0.4.LTS\lib\armv6m-ti-none-eabi\c\</path>
         <kind>archive</kind>
         <file>libc.a</file>
         <name>memset16.S.obj</name>
      </input_file>
   </input_file_list>
   <object_component_list>
      <object_component id="oc-18">
         <name>.intvecs</name>
         <load_address>0x0</load_address>
         <readonly>true</readonly>
         <run_address>0x0</run_address>
         <size>0xc0</size>
         <alignment>0x4</alignment>
         <input_file_ref idref="fl-4"/>
      </object_component>
      <object_component id="oc-e9">
         <name>.text.pvPortMalloc</name>
         <load_address>0xc0</load_address>
         <readonly>true</readonly>
         <executable>true</executable>
         <run_address>0xc0</run_address>
         <size>0x294</size>
         <alignment>0x4</alignment>
         <input_file_ref idref="fl-19"/>
      </object_component>
      <object_component id="oc-79">
         <name>.text.xTaskIncrementTick</name>
         <load_address>0x354</load_address>
         <readonly>true</readonly>
         <executable>true</executable>
         <run_address>0x354</run_address>
         <size>0x210</size>
         <alignment>0x4</alignment>
         <input_file_ref idref="fl-12"/>
      </object_component>
      <object_component id="oc-f9">
         <name>.text.xTaskResumeAll</name>
         <load_address>0x564</load_address>
         <readonly>true</readonly>
         <executable>true</executable>
         <run_address>0x564</run_address>
         <size>0x1f8</size>
         <alignment>0x4</alignment>
         <input_file_ref idref="fl-12"/>
      </object_component>
      <object_component id="oc-178">
         <name>.text.xQueueGenericSend</name>
         <load_address>0x75c</load_address>
         <readonly>true</readonly>
         <executable>true</executable>
         <run_address>0x75c</run_address>
         <size>0x1d2</size>
         <alignment>0x2</alignment>
         <input_file_ref idref="fl-1b"/>
      </object_component>
      <object_component id="oc-1ba">
         <name>.text.xQueueReceive</name>
         <load_address>0x92e</load_address>
         <readonly>true</readonly>
         <executable>true</executable>
         <run_address>0x92e</run_address>
         <size>0x1a4</size>
         <alignment>0x2</alignment>
         <input_file_ref idref="fl-1b"/>
      </object_component>
      <object_component id="oc-3e">
         <name>.text.Default_Handler</name>
         <load_address>0xad2</load_address>
         <readonly>true</readonly>
         <executable>true</executable>
         <run_address>0xad2</run_address>
         <size>0x2</size>
         <alignment>0x2</alignment>
         <input_file_ref idref="fl-4"/>
      </object_component>
      <object_component id="oc-182">
         <name>.text.vPortSuppressTicksAndSleep</name>
         <load_address>0xad4</load_address>
         <readonly>true</readonly>
         <executable>true</executable>
         <run_address>0xad4</run_address>
         <size>0x1a0</size>
         <alignment>0x4</alignment>
         <input_file_ref idref="fl-14"/>
      </object_component>
      <object_component id="oc-19a">
         <name>.text.xTaskRemoveFromEventList</name>
         <load_address>0xc74</load_address>
         <readonly>true</readonly>
         <executable>true</executable>
         <run_address>0xc74</run_address>
         <size>0x190</size>
         <alignment>0x4</alignment>
         <input_file_ref idref="fl-12"/>
      </object_component>
      <object_component id="oc-193">
         <name>.text.prvProcessReceivedCommands</name>
         <load_address>0xe04</load_address>
         <readonly>true</readonly>
         <executable>true</executable>
         <run_address>0xe04</run_address>
         <size>0x15c</size>
         <alignment>0x4</alignment>
         <input_file_ref idref="fl-13"/>
      </object_component>
      <object_component id="oc-b4">
         <name>.text.pthread_create</name>
         <load_address>0xf60</load_address>
         <readonly>true</readonly>
         <executable>true</executable>
         <run_address>0xf60</run_address>
         <size>0x14c</size>
         <alignment>0x4</alignment>
         <input_file_ref idref="fl-17"/>
      </object_component>
      <object_component id="oc-13e">
         <name>.text.prvAddNewTaskToReadyList</name>
         <load_address>0x10ac</load_address>
         <readonly>true</readonly>
         <executable>true</executable>
         <run_address>0x10ac</run_address>
         <size>0x128</size>
         <alignment>0x4</alignment>
         <input_file_ref idref="fl-12"/>
      </object_component>
      <object_component id="oc-179">
         <name>.text.vTaskSuspend</name>
         <load_address>0x11d4</load_address>
         <readonly>true</readonly>
         <executable>true</executable>
         <run_address>0x11d4</run_address>
         <size>0x124</size>
         <alignment>0x4</alignment>
         <input_file_ref idref="fl-12"/>
      </object_component>
      <object_component id="oc-17a">
         <name>.text.vTaskDelete</name>
         <load_address>0x12f8</load_address>
         <readonly>true</readonly>
         <executable>true</executable>
         <run_address>0x12f8</run_address>
         <size>0x11c</size>
         <alignment>0x4</alignment>
         <input_file_ref idref="fl-12"/>
      </object_component>
      <object_component id="oc-19d">
         <name>.text.pxPortInitialiseStack</name>
         <load_address>0x1414</load_address>
         <readonly>true</readonly>
         <executable>true</executable>
         <run_address>0x1414</run_address>
         <size>0x114</size>
         <alignment>0x4</alignment>
         <input_file_ref idref="fl-14"/>
      </object_component>
      <object_component id="oc-13b">
         <name>.text.prvInsertBlockIntoFreeList</name>
         <load_address>0x1528</load_address>
         <readonly>true</readonly>
         <executable>true</executable>
         <run_address>0x1528</run_address>
         <size>0x10c</size>
         <alignment>0x4</alignment>
         <input_file_ref idref="fl-19"/>
      </object_component>
      <object_component id="oc-1c">
         <name>.text.vTaskSwitchContext</name>
         <load_address>0x1634</load_address>
         <readonly>true</readonly>
         <executable>true</executable>
         <run_address>0x1634</run_address>
         <size>0x10c</size>
         <alignment>0x4</alignment>
         <input_file_ref idref="fl-12"/>
      </object_component>
      <object_component id="oc-1bd">
         <name>.text.xTaskPriorityDisinherit</name>
         <load_address>0x1740</load_address>
         <readonly>true</readonly>
         <executable>true</executable>
         <run_address>0x1740</run_address>
         <size>0x108</size>
         <alignment>0x4</alignment>
         <input_file_ref idref="fl-12"/>
      </object_component>
      <object_component id="oc-171">
         <name>.text.prvInitialiseNewTask</name>
         <load_address>0x1848</load_address>
         <readonly>true</readonly>
         <executable>true</executable>
         <run_address>0x1848</run_address>
         <size>0x104</size>
         <alignment>0x2</alignment>
         <input_file_ref idref="fl-12"/>
      </object_component>
      <object_component id="oc-f3">
         <name>.text.vPortFree</name>
         <load_address>0x194c</load_address>
         <readonly>true</readonly>
         <executable>true</executable>
         <run_address>0x194c</run_address>
         <size>0xf8</size>
         <alignment>0x4</alignment>
         <input_file_ref idref="fl-19"/>
      </object_component>
      <object_component id="oc-1bf">
         <name>.text.prvAddCurrentTaskToDelayedList</name>
         <load_address>0x1a44</load_address>
         <readonly>true</readonly>
         <executable>true</executable>
         <run_address>0x1a44</run_address>
         <size>0xe4</size>
         <alignment>0x4</alignment>
         <input_file_ref idref="fl-12"/>
      </object_component>
      <object_component id="oc-170">
         <name>.text.xQueueGenericReset</name>
         <load_address>0x1b28</load_address>
         <readonly>true</readonly>
         <executable>true</executable>
         <run_address>0x1b28</run_address>
         <size>0xe4</size>
         <alignment>0x2</alignment>
         <input_file_ref idref="fl-1b"/>
      </object_component>
      <object_component id="oc-1a4">
         <name>.text.prvCopyDataToQueue</name>
         <load_address>0x1c0c</load_address>
         <readonly>true</readonly>
         <executable>true</executable>
         <run_address>0x1c0c</run_address>
         <size>0xd4</size>
         <alignment>0x2</alignment>
         <input_file_ref idref="fl-1b"/>
      </object_component>
      <object_component id="oc-fc">
         <name>.text.prvCreateIdleTasks</name>
         <load_address>0x1ce0</load_address>
         <readonly>true</readonly>
         <executable>true</executable>
         <run_address>0x1ce0</run_address>
         <size>0xcc</size>
         <alignment>0x4</alignment>
         <input_file_ref idref="fl-12"/>
      </object_component>
      <object_component id="oc-1a9">
         <name>.text.prvUnlockQueue</name>
         <load_address>0x1dac</load_address>
         <readonly>true</readonly>
         <executable>true</executable>
         <run_address>0x1dac</run_address>
         <size>0xb6</size>
         <alignment>0x2</alignment>
         <input_file_ref idref="fl-1b"/>
      </object_component>
      <object_component id="oc-16a">
         <name>.text.__aeabi_idiv0</name>
         <load_address>0x1e62</load_address>
         <readonly>true</readonly>
         <executable>true</executable>
         <run_address>0x1e62</run_address>
         <size>0x2</size>
         <alignment>0x2</alignment>
         <input_file_ref idref="fl-e2"/>
      </object_component>
      <object_component id="oc-1a6">
         <name>.text.xTaskCheckForTimeOut</name>
         <load_address>0x1e64</load_address>
         <readonly>true</readonly>
         <executable>true</executable>
         <run_address>0x1e64</run_address>
         <size>0xb4</size>
         <alignment>0x4</alignment>
         <input_file_ref idref="fl-12"/>
      </object_component>
      <object_component id="oc-12b">
         <name>.text.prvHeapInit</name>
         <load_address>0x1f18</load_address>
         <readonly>true</readonly>
         <executable>true</executable>
         <run_address>0x1f18</run_address>
         <size>0xa0</size>
         <alignment>0x4</alignment>
         <input_file_ref idref="fl-19"/>
      </object_component>
      <object_component id="oc-188">
         <name>.text.xQueueGenericCreateStatic</name>
         <load_address>0x1fb8</load_address>
         <readonly>true</readonly>
         <executable>true</executable>
         <run_address>0x1fb8</run_address>
         <size>0xa0</size>
         <alignment>0x2</alignment>
         <input_file_ref idref="fl-1b"/>
      </object_component>
      <object_component id="oc-a2">
         <name>.text:memcpy</name>
         <load_address>0x2058</load_address>
         <readonly>true</readonly>
         <executable>true</executable>
         <run_address>0x2058</run_address>
         <size>0x9a</size>
         <alignment>0x1</alignment>
         <input_file_ref idref="fl-e3"/>
      </object_component>
      <object_component id="oc-17f">
         <name>.text.prvCreateStaticTask</name>
         <load_address>0x20f2</load_address>
         <readonly>true</readonly>
         <executable>true</executable>
         <run_address>0x20f2</run_address>
         <size>0x98</size>
         <alignment>0x2</alignment>
         <input_file_ref idref="fl-12"/>
      </object_component>
      <object_component id="oc-ee">
         <name>.text.xQueueGenericCreate</name>
         <load_address>0x218a</load_address>
         <readonly>true</readonly>
         <executable>true</executable>
         <run_address>0x218a</run_address>
         <size>0x94</size>
         <alignment>0x2</alignment>
         <input_file_ref idref="fl-1b"/>
      </object_component>
      <object_component id="oc-4a">
         <name>.text.vApplicationStackOverflowHook</name>
         <load_address>0x221e</load_address>
         <readonly>true</readonly>
         <executable>true</executable>
         <run_address>0x221e</run_address>
         <size>0x2</size>
         <alignment>0x2</alignment>
         <input_file_ref idref="fl-2"/>
      </object_component>
      <object_component id="oc-192">
         <name>.text.prvProcessTimerOrBlockTask</name>
         <load_address>0x2220</load_address>
         <readonly>true</readonly>
         <executable>true</executable>
         <run_address>0x2220</run_address>
         <size>0x8c</size>
         <alignment>0x4</alignment>
         <input_file_ref idref="fl-13"/>
      </object_component>
      <object_component id="oc-177">
         <name>.text.removeThreadKeys</name>
         <load_address>0x22ac</load_address>
         <readonly>true</readonly>
         <executable>true</executable>
         <run_address>0x22ac</run_address>
         <size>0x8c</size>
         <alignment>0x2</alignment>
         <input_file_ref idref="fl-17"/>
      </object_component>
      <object_component id="oc-e2">
         <name>.text.SYSCFG_DL_UART_0_init</name>
         <load_address>0x2338</load_address>
         <readonly>true</readonly>
         <executable>true</executable>
         <run_address>0x2338</run_address>
         <size>0x84</size>
         <alignment>0x4</alignment>
         <input_file_ref idref="fl-3"/>
      </object_component>
      <object_component id="oc-e1">
         <name>.text.SYSCFG_DL_UART_1_init</name>
         <load_address>0x23bc</load_address>
         <readonly>true</readonly>
         <executable>true</executable>
         <run_address>0x23bc</run_address>
         <size>0x84</size>
         <alignment>0x4</alignment>
         <input_file_ref idref="fl-3"/>
      </object_component>
      <object_component id="oc-e0">
         <name>.text.SYSCFG_DL_UART_3_init</name>
         <load_address>0x2440</load_address>
         <readonly>true</readonly>
         <executable>true</executable>
         <run_address>0x2440</run_address>
         <size>0x84</size>
         <alignment>0x4</alignment>
         <input_file_ref idref="fl-3"/>
      </object_component>
      <object_component id="oc-13d">
         <name>.text.prvCreateTask</name>
         <load_address>0x24c4</load_address>
         <readonly>true</readonly>
         <executable>true</executable>
         <run_address>0x24c4</run_address>
         <size>0x84</size>
         <alignment>0x2</alignment>
         <input_file_ref idref="fl-12"/>
      </object_component>
      <object_component id="oc-1bb">
         <name>.text.prvInsertTimerInActiveList</name>
         <load_address>0x2548</load_address>
         <readonly>true</readonly>
         <executable>true</executable>
         <run_address>0x2548</run_address>
         <size>0x84</size>
         <alignment>0x4</alignment>
         <input_file_ref idref="fl-13"/>
      </object_component>
      <object_component id="oc-1b4">
         <name>.text.vTaskStepTick</name>
         <load_address>0x25cc</load_address>
         <readonly>true</readonly>
         <executable>true</executable>
         <run_address>0x25cc</run_address>
         <size>0x84</size>
         <alignment>0x4</alignment>
         <input_file_ref idref="fl-12"/>
      </object_component>
      <object_component id="oc-102">
         <name>.text.xPortStartScheduler</name>
         <load_address>0x2650</load_address>
         <readonly>true</readonly>
         <executable>true</executable>
         <run_address>0x2650</run_address>
         <size>0x80</size>
         <alignment>0x4</alignment>
         <input_file_ref idref="fl-14"/>
      </object_component>
      <object_component id="oc-1b3">
         <name>.text.eTaskConfirmSleepModeStatus</name>
         <load_address>0x26d0</load_address>
         <readonly>true</readonly>
         <executable>true</executable>
         <run_address>0x26d0</run_address>
         <size>0x7c</size>
         <alignment>0x4</alignment>
         <input_file_ref idref="fl-12"/>
      </object_component>
      <object_component id="oc-172">
         <name>.text.prvInitialiseTaskLists</name>
         <load_address>0x274c</load_address>
         <readonly>true</readonly>
         <executable>true</executable>
         <run_address>0x274c</run_address>
         <size>0x7c</size>
         <alignment>0x4</alignment>
         <input_file_ref idref="fl-12"/>
      </object_component>
      <object_component id="oc-fd">
         <name>.text.xTimerCreateTimerTask</name>
         <load_address>0x27c8</load_address>
         <readonly>true</readonly>
         <executable>true</executable>
         <run_address>0x27c8</run_address>
         <size>0x7c</size>
         <alignment>0x4</alignment>
         <input_file_ref idref="fl-13"/>
      </object_component>
      <object_component id="oc-27">
         <name>.text:decompress:lzss</name>
         <load_address>0x2844</load_address>
         <readonly>true</readonly>
         <executable>true</executable>
         <run_address>0x2844</run_address>
         <size>0x7c</size>
         <alignment>0x4</alignment>
         <input_file_ref idref="fl-3b"/>
      </object_component>
      <object_component id="oc-181">
         <name>.text.prvGetExpectedIdleTime</name>
         <load_address>0x28c0</load_address>
         <readonly>true</readonly>
         <executable>true</executable>
         <run_address>0x28c0</run_address>
         <size>0x78</size>
         <alignment>0x4</alignment>
         <input_file_ref idref="fl-12"/>
      </object_component>
      <object_component id="oc-1c7">
         <name>.text.vTaskPlaceOnEventListRestricted</name>
         <load_address>0x2938</load_address>
         <readonly>true</readonly>
         <executable>true</executable>
         <run_address>0x2938</run_address>
         <size>0x74</size>
         <alignment>0x4</alignment>
         <input_file_ref idref="fl-12"/>
      </object_component>
      <object_component id="oc-144">
         <name>.text.pthread_exit</name>
         <load_address>0x29ac</load_address>
         <readonly>true</readonly>
         <executable>true</executable>
         <run_address>0x29ac</run_address>
         <size>0x6e</size>
         <alignment>0x2</alignment>
         <input_file_ref idref="fl-17"/>
      </object_component>
      <object_component id="oc-14e">
         <name>.text.prvCheckForValidListAndQueue</name>
         <load_address>0x2a1c</load_address>
         <readonly>true</readonly>
         <executable>true</executable>
         <run_address>0x2a1c</run_address>
         <size>0x6c</size>
         <alignment>0x4</alignment>
         <input_file_ref idref="fl-13"/>
      </object_component>
      <object_component id="oc-1be">
         <name>.text.vListInsert</name>
         <load_address>0x2a88</load_address>
         <readonly>true</readonly>
         <executable>true</executable>
         <run_address>0x2a88</run_address>
         <size>0x6c</size>
         <alignment>0x2</alignment>
         <input_file_ref idref="fl-1a"/>
      </object_component>
      <object_component id="oc-1b9">
         <name>.text.vQueueWaitForMessageRestricted</name>
         <load_address>0x2af4</load_address>
         <readonly>true</readonly>
         <executable>true</executable>
         <run_address>0x2af4</run_address>
         <size>0x6a</size>
         <alignment>0x2</alignment>
         <input_file_ref idref="fl-1b"/>
      </object_component>
      <object_component id="oc-b5">
         <name>.text.vTaskStartScheduler</name>
         <load_address>0x2b60</load_address>
         <readonly>true</readonly>
         <executable>true</executable>
         <run_address>0x2b60</run_address>
         <size>0x68</size>
         <alignment>0x4</alignment>
         <input_file_ref idref="fl-12"/>
      </object_component>
      <object_component id="oc-db">
         <name>.text:memset</name>
         <load_address>0x2bc8</load_address>
         <readonly>true</readonly>
         <executable>true</executable>
         <run_address>0x2bc8</run_address>
         <size>0x62</size>
         <alignment>0x1</alignment>
         <input_file_ref idref="fl-e4"/>
      </object_component>
      <object_component id="oc-1c1">
         <name>.text.pvTaskGetThreadLocalStoragePointer</name>
         <load_address>0x2c2c</load_address>
         <readonly>true</readonly>
         <executable>true</executable>
         <run_address>0x2c2c</run_address>
         <size>0x60</size>
         <alignment>0x4</alignment>
         <input_file_ref idref="fl-12"/>
      </object_component>
      <object_component id="oc-b6">
         <name>.text.Thread</name>
         <load_address>0x2c8c</load_address>
         <readonly>true</readonly>
         <executable>true</executable>
         <run_address>0x2c8c</run_address>
         <size>0x5c</size>
         <alignment>0x4</alignment>
         <input_file_ref idref="fl-1"/>
      </object_component>
      <object_component id="oc-14c">
         <name>.text.prvIdleTask</name>
         <load_address>0x2ce8</load_address>
         <readonly>true</readonly>
         <executable>true</executable>
         <run_address>0x2ce8</run_address>
         <size>0x5c</size>
         <alignment>0x4</alignment>
         <input_file_ref idref="fl-12"/>
      </object_component>
      <object_component id="oc-175">
         <name>.text.pthread_setcancelstate</name>
         <load_address>0x2d44</load_address>
         <readonly>true</readonly>
         <executable>true</executable>
         <run_address>0x2d44</run_address>
         <size>0x5a</size>
         <alignment>0x2</alignment>
         <input_file_ref idref="fl-17"/>
      </object_component>
      <object_component id="oc-8b">
         <name>.text.main</name>
         <load_address>0x2da0</load_address>
         <readonly>true</readonly>
         <executable>true</executable>
         <run_address>0x2da0</run_address>
         <size>0x58</size>
         <alignment>0x4</alignment>
         <input_file_ref idref="fl-2"/>
      </object_component>
      <object_component id="oc-156">
         <name>.text.vPortSetupTimerInterrupt</name>
         <load_address>0x2df8</load_address>
         <readonly>true</readonly>
         <executable>true</executable>
         <run_address>0x2df8</run_address>
         <size>0x54</size>
         <alignment>0x4</alignment>
         <input_file_ref idref="fl-14"/>
      </object_component>
      <object_component id="oc-180">
         <name>.text.prvCheckTasksWaitingTermination</name>
         <load_address>0x2e4c</load_address>
         <readonly>true</readonly>
         <executable>true</executable>
         <run_address>0x2e4c</run_address>
         <size>0x50</size>
         <alignment>0x4</alignment>
         <input_file_ref idref="fl-12"/>
      </object_component>
      <object_component id="oc-1b1">
         <name>.text.prvDeleteTCB</name>
         <load_address>0x2e9c</load_address>
         <readonly>true</readonly>
         <executable>true</executable>
         <run_address>0x2e9c</run_address>
         <size>0x50</size>
         <alignment>0x2</alignment>
         <input_file_ref idref="fl-12"/>
      </object_component>
      <object_component id="oc-1b8">
         <name>.text.prvProcessExpiredTimer</name>
         <load_address>0x2eec</load_address>
         <readonly>true</readonly>
         <executable>true</executable>
         <run_address>0x2eec</run_address>
         <size>0x50</size>
         <alignment>0x4</alignment>
         <input_file_ref idref="fl-13"/>
      </object_component>
      <object_component id="oc-14a">
         <name>.text.xTaskCreateStatic</name>
         <load_address>0x2f3c</load_address>
         <readonly>true</readonly>
         <executable>true</executable>
         <run_address>0x2f3c</run_address>
         <size>0x4c</size>
         <alignment>0x2</alignment>
         <input_file_ref idref="fl-12"/>
      </object_component>
      <object_component id="oc-124">
         <name>.text.DL_UART_init</name>
         <load_address>0x2f88</load_address>
         <readonly>true</readonly>
         <executable>true</executable>
         <run_address>0x2f88</run_address>
         <size>0x48</size>
         <alignment>0x4</alignment>
         <input_file_ref idref="fl-1d"/>
      </object_component>
      <object_component id="oc-dc">
         <name>.text.SYSCFG_DL_initPower</name>
         <load_address>0x2fd0</load_address>
         <readonly>true</readonly>
         <executable>true</executable>
         <run_address>0x2fd0</run_address>
         <size>0x48</size>
         <alignment>0x4</alignment>
         <input_file_ref idref="fl-3"/>
      </object_component>
      <object_component id="oc-1aa">
         <name>.text.uxListRemove</name>
         <load_address>0x3018</load_address>
         <readonly>true</readonly>
         <executable>true</executable>
         <run_address>0x3018</run_address>
         <size>0x48</size>
         <alignment>0x2</alignment>
         <input_file_ref idref="fl-1a"/>
      </object_component>
      <object_component id="oc-f6">
         <name>.text.xTaskCreate</name>
         <load_address>0x3060</load_address>
         <readonly>true</readonly>
         <executable>true</executable>
         <run_address>0x3060</run_address>
         <size>0x48</size>
         <alignment>0x2</alignment>
         <input_file_ref idref="fl-12"/>
      </object_component>
      <object_component id="oc-1a3">
         <name>.text.xTaskGetApplicationTaskTag</name>
         <load_address>0x30a8</load_address>
         <readonly>true</readonly>
         <executable>true</executable>
         <run_address>0x30a8</run_address>
         <size>0x48</size>
         <alignment>0x4</alignment>
         <input_file_ref idref="fl-12"/>
      </object_component>
      <object_component id="oc-138">
         <name>.text.prvInitialiseNewQueue</name>
         <load_address>0x30f0</load_address>
         <readonly>true</readonly>
         <executable>true</executable>
         <run_address>0x30f0</run_address>
         <size>0x46</size>
         <alignment>0x2</alignment>
         <input_file_ref idref="fl-1b"/>
      </object_component>
      <object_component id="oc-11f">
         <name>.text.DL_Common_delayCycles</name>
         <load_address>0x3136</load_address>
         <readonly>true</readonly>
         <executable>true</executable>
         <run_address>0x3136</run_address>
         <size>0xa</size>
         <alignment>0x2</alignment>
         <input_file_ref idref="fl-1c"/>
      </object_component>
      <object_component id="oc-44">
         <name>.text.PendSV_Handler</name>
         <load_address>0x3140</load_address>
         <readonly>true</readonly>
         <executable>true</executable>
         <run_address>0x3140</run_address>
         <size>0x44</size>
         <alignment>0x10</alignment>
         <input_file_ref idref="fl-15"/>
      </object_component>
      <object_component id="oc-1c8">
         <name>.text.prvCopyDataFromQueue</name>
         <load_address>0x3184</load_address>
         <readonly>true</readonly>
         <executable>true</executable>
         <run_address>0x3184</run_address>
         <size>0x44</size>
         <alignment>0x2</alignment>
         <input_file_ref idref="fl-1b"/>
      </object_component>
      <object_component id="oc-1c5">
         <name>.text.prvSwitchTimerLists</name>
         <load_address>0x31c8</load_address>
         <readonly>true</readonly>
         <executable>true</executable>
         <run_address>0x31c8</run_address>
         <size>0x44</size>
         <alignment>0x4</alignment>
         <input_file_ref idref="fl-13"/>
      </object_component>
      <object_component id="oc-134">
         <name>.text.__aeabi_uidivmod</name>
         <load_address>0x320c</load_address>
         <readonly>true</readonly>
         <executable>true</executable>
         <run_address>0x320c</run_address>
         <size>0x40</size>
         <alignment>0x4</alignment>
         <input_file_ref idref="fl-e1"/>
      </object_component>
      <object_component id="oc-1b7">
         <name>.text.prvSampleTimeNow</name>
         <load_address>0x324c</load_address>
         <readonly>true</readonly>
         <executable>true</executable>
         <run_address>0x324c</run_address>
         <size>0x3c</size>
         <alignment>0x4</alignment>
         <input_file_ref idref="fl-13"/>
      </object_component>
      <object_component id="oc-c3">
         <name>.text:__TI_auto_init_nobinit_nopinit</name>
         <load_address>0x3288</load_address>
         <readonly>true</readonly>
         <executable>true</executable>
         <run_address>0x3288</run_address>
         <size>0x3c</size>
         <alignment>0x4</alignment>
         <input_file_ref idref="fl-36"/>
      </object_component>
      <object_component id="oc-1ab">
         <name>.text.vListInsertEnd</name>
         <load_address>0x32c4</load_address>
         <readonly>true</readonly>
         <executable>true</executable>
         <run_address>0x32c4</run_address>
         <size>0x3a</size>
         <alignment>0x2</alignment>
         <input_file_ref idref="fl-1a"/>
      </object_component>
      <object_component id="oc-191">
         <name>.text.prvGetNextExpireTime</name>
         <load_address>0x3300</load_address>
         <readonly>true</readonly>
         <executable>true</executable>
         <run_address>0x3300</run_address>
         <size>0x38</size>
         <alignment>0x4</alignment>
         <input_file_ref idref="fl-13"/>
      </object_component>
      <object_component id="oc-f4">
         <name>.text.xTaskGetSchedulerState</name>
         <load_address>0x3338</load_address>
         <readonly>true</readonly>
         <executable>true</executable>
         <run_address>0x3338</run_address>
         <size>0x38</size>
         <alignment>0x4</alignment>
         <input_file_ref idref="fl-12"/>
      </object_component>
      <object_component id="oc-1bc">
         <name>.text.prvReloadTimer</name>
         <load_address>0x3370</load_address>
         <readonly>true</readonly>
         <executable>true</executable>
         <run_address>0x3370</run_address>
         <size>0x36</size>
         <alignment>0x2</alignment>
         <input_file_ref idref="fl-13"/>
      </object_component>
      <object_component id="oc-b1">
         <name>.text.pthread_attr_setschedparam</name>
         <load_address>0x33a6</load_address>
         <readonly>true</readonly>
         <executable>true</executable>
         <run_address>0x33a6</run_address>
         <size>0x34</size>
         <alignment>0x2</alignment>
         <input_file_ref idref="fl-17"/>
      </object_component>
      <object_component id="oc-1a8">
         <name>.text.vTaskPlaceOnEventList</name>
         <load_address>0x33dc</load_address>
         <readonly>true</readonly>
         <executable>true</executable>
         <run_address>0x33dc</run_address>
         <size>0x34</size>
         <alignment>0x4</alignment>
         <input_file_ref idref="fl-12"/>
      </object_component>
      <object_component id="oc-f7">
         <name>.text.vTaskSetApplicationTaskTag</name>
         <load_address>0x3410</load_address>
         <readonly>true</readonly>
         <executable>true</executable>
         <run_address>0x3410</run_address>
         <size>0x34</size>
         <alignment>0x4</alignment>
         <input_file_ref idref="fl-12"/>
      </object_component>
      <object_component id="oc-f8">
         <name>.text.vQueueDelete</name>
         <load_address>0x3444</load_address>
         <readonly>true</readonly>
         <executable>true</executable>
         <run_address>0x3444</run_address>
         <size>0x32</size>
         <alignment>0x2</alignment>
         <input_file_ref idref="fl-1b"/>
      </object_component>
      <object_component id="oc-10b">
         <name>.text.DL_UART_transmitDataBlocking</name>
         <load_address>0x3478</load_address>
         <readonly>true</readonly>
         <executable>true</executable>
         <run_address>0x3478</run_address>
         <size>0x30</size>
         <alignment>0x4</alignment>
         <input_file_ref idref="fl-1d"/>
      </object_component>
      <object_component id="oc-dd">
         <name>.text.SYSCFG_DL_GPIO_init</name>
         <load_address>0x34a8</load_address>
         <readonly>true</readonly>
         <executable>true</executable>
         <run_address>0x34a8</run_address>
         <size>0x30</size>
         <alignment>0x4</alignment>
         <input_file_ref idref="fl-3"/>
      </object_component>
      <object_component id="oc-45">
         <name>.text.SysTick_Handler</name>
         <load_address>0x34d8</load_address>
         <readonly>true</readonly>
         <executable>true</executable>
         <run_address>0x34d8</run_address>
         <size>0x30</size>
         <alignment>0x4</alignment>
         <input_file_ref idref="fl-14"/>
      </object_component>
      <object_component id="oc-96">
         <name>.text.prvResetNextTaskUnblockTime</name>
         <load_address>0x3508</load_address>
         <readonly>true</readonly>
         <executable>true</executable>
         <run_address>0x3508</run_address>
         <size>0x30</size>
         <alignment>0x4</alignment>
         <input_file_ref idref="fl-12"/>
      </object_component>
      <object_component id="oc-158">
         <name>.text.prvTaskExitError</name>
         <load_address>0x3538</load_address>
         <readonly>true</readonly>
         <executable>true</executable>
         <run_address>0x3538</run_address>
         <size>0x30</size>
         <alignment>0x4</alignment>
         <input_file_ref idref="fl-14"/>
      </object_component>
      <object_component id="oc-1a7">
         <name>.text.prvIsQueueFull</name>
         <load_address>0x3568</load_address>
         <readonly>true</readonly>
         <executable>true</executable>
         <run_address>0x3568</run_address>
         <size>0x2e</size>
         <alignment>0x2</alignment>
         <input_file_ref idref="fl-1b"/>
      </object_component>
      <object_component id="oc-b2">
         <name>.text.pthread_attr_setdetachstate</name>
         <load_address>0x3596</load_address>
         <readonly>true</readonly>
         <executable>true</executable>
         <run_address>0x3596</run_address>
         <size>0x2e</size>
         <alignment>0x2</alignment>
         <input_file_ref idref="fl-17"/>
      </object_component>
      <object_component id="oc-20">
         <name>.text.vPortSVCHandler_C</name>
         <load_address>0x35c4</load_address>
         <readonly>true</readonly>
         <executable>true</executable>
         <run_address>0x35c4</run_address>
         <size>0x2e</size>
         <alignment>0x2</alignment>
         <input_file_ref idref="fl-14"/>
      </object_component>
      <object_component id="oc-176">
         <name>.text._pthread_cleanup_pop</name>
         <load_address>0x35f2</load_address>
         <readonly>true</readonly>
         <executable>true</executable>
         <run_address>0x35f2</run_address>
         <size>0x2c</size>
         <alignment>0x2</alignment>
         <input_file_ref idref="fl-17"/>
      </object_component>
      <object_component id="oc-183">
         <name>.text.vListInitialise</name>
         <load_address>0x361e</load_address>
         <readonly>true</readonly>
         <executable>true</executable>
         <run_address>0x361e</run_address>
         <size>0x2c</size>
         <alignment>0x2</alignment>
         <input_file_ref idref="fl-1a"/>
      </object_component>
      <object_component id="oc-140">
         <name>.text.vPortExitCritical</name>
         <load_address>0x364c</load_address>
         <readonly>true</readonly>
         <executable>true</executable>
         <run_address>0x364c</run_address>
         <size>0x2c</size>
         <alignment>0x4</alignment>
         <input_file_ref idref="fl-14"/>
      </object_component>
      <object_component id="oc-1c9">
         <name>.text.prvIsQueueEmpty</name>
         <load_address>0x3678</load_address>
         <readonly>true</readonly>
         <executable>true</executable>
         <run_address>0x3678</run_address>
         <size>0x2a</size>
         <alignment>0x2</alignment>
         <input_file_ref idref="fl-1b"/>
      </object_component>
      <object_component id="oc-a7">
         <name>.text.SYSCFG_DL_init</name>
         <load_address>0x36a4</load_address>
         <readonly>true</readonly>
         <executable>true</executable>
         <run_address>0x36a4</run_address>
         <size>0x28</size>
         <alignment>0x4</alignment>
         <input_file_ref idref="fl-3"/>
      </object_component>
      <object_component id="oc-145">
         <name>.text.vApplicationGetIdleTaskMemory</name>
         <load_address>0x36cc</load_address>
         <readonly>true</readonly>
         <executable>true</executable>
         <run_address>0x36cc</run_address>
         <size>0x28</size>
         <alignment>0x4</alignment>
         <input_file_ref idref="fl-18"/>
      </object_component>
      <object_component id="oc-14f">
         <name>.text.vApplicationGetTimerTaskMemory</name>
         <load_address>0x36f4</load_address>
         <readonly>true</readonly>
         <executable>true</executable>
         <run_address>0x36f4</run_address>
         <size>0x28</size>
         <alignment>0x4</alignment>
         <input_file_ref idref="fl-18"/>
      </object_component>
      <object_component id="oc-6f">
         <name>.text:_c_int00_noargs</name>
         <load_address>0x371c</load_address>
         <readonly>true</readonly>
         <executable>true</executable>
         <run_address>0x371c</run_address>
         <size>0x28</size>
         <alignment>0x4</alignment>
         <input_file_ref idref="fl-34"/>
      </object_component>
      <object_component id="oc-1ac">
         <name>.text.PTLS_taskDeleteHook</name>
         <load_address>0x3744</load_address>
         <readonly>true</readonly>
         <executable>true</executable>
         <run_address>0x3744</run_address>
         <size>0x24</size>
         <alignment>0x2</alignment>
         <input_file_ref idref="fl-16"/>
      </object_component>
      <object_component id="oc-5f">
         <name>.text.__aeabi_memcpy</name>
         <load_address>0x3768</load_address>
         <readonly>true</readonly>
         <executable>true</executable>
         <run_address>0x3768</run_address>
         <size>0x8</size>
         <alignment>0x4</alignment>
         <input_file_ref idref="fl-df"/>
      </object_component>
      <object_component id="oc-3f">
         <name>.text.SVC_Handler</name>
         <load_address>0x3770</load_address>
         <readonly>true</readonly>
         <executable>true</executable>
         <run_address>0x3770</run_address>
         <size>0x24</size>
         <alignment>0x10</alignment>
         <input_file_ref idref="fl-15"/>
      </object_component>
      <object_component id="oc-82">
         <name>.text.__aeabi_memclr</name>
         <load_address>0x3794</load_address>
         <readonly>true</readonly>
         <executable>true</executable>
         <run_address>0x3794</run_address>
         <size>0xc</size>
         <alignment>0x4</alignment>
         <input_file_ref idref="fl-e0"/>
      </object_component>
      <object_component id="oc-53">
         <name>.text.vRestoreContextOfFirstTask</name>
         <load_address>0x37a0</load_address>
         <readonly>true</readonly>
         <executable>true</executable>
         <run_address>0x37a0</run_address>
         <size>0x24</size>
         <alignment>0x10</alignment>
         <input_file_ref idref="fl-15"/>
      </object_component>
      <object_component id="oc-105">
         <name>.text.DL_UART_receiveDataBlocking</name>
         <load_address>0x37c4</load_address>
         <readonly>true</readonly>
         <executable>true</executable>
         <run_address>0x37c4</run_address>
         <size>0x20</size>
         <alignment>0x4</alignment>
         <input_file_ref idref="fl-1d"/>
      </object_component>
      <object_component id="oc-1a5">
         <name>.text.vTaskInternalSetTimeOutState</name>
         <load_address>0x37e4</load_address>
         <readonly>true</readonly>
         <executable>true</executable>
         <run_address>0x37e4</run_address>
         <size>0x20</size>
         <alignment>0x4</alignment>
         <input_file_ref idref="fl-12"/>
      </object_component>
      <object_component id="oc-fa">
         <name>.text._pthread_runStub</name>
         <load_address>0x3804</load_address>
         <readonly>true</readonly>
         <executable>true</executable>
         <run_address>0x3804</run_address>
         <size>0x1e</size>
         <alignment>0x2</alignment>
         <input_file_ref idref="fl-17"/>
      </object_component>
      <object_component id="oc-151">
         <name>.text.prvTimerTask</name>
         <load_address>0x3822</load_address>
         <readonly>true</readonly>
         <executable>true</executable>
         <run_address>0x3822</run_address>
         <size>0x1e</size>
         <alignment>0x2</alignment>
         <input_file_ref idref="fl-13"/>
      </object_component>
      <object_component id="oc-de">
         <name>.text.SYSCFG_DL_SYSCTL_init</name>
         <load_address>0x3840</load_address>
         <readonly>true</readonly>
         <executable>true</executable>
         <run_address>0x3840</run_address>
         <size>0x1c</size>
         <alignment>0x4</alignment>
         <input_file_ref idref="fl-3"/>
      </object_component>
      <object_component id="oc-ac">
         <name>.text.pthread_attr_init</name>
         <load_address>0x385c</load_address>
         <readonly>true</readonly>
         <executable>true</executable>
         <run_address>0x385c</run_address>
         <size>0x1c</size>
         <alignment>0x4</alignment>
         <input_file_ref idref="fl-17"/>
      </object_component>
      <object_component id="oc-174">
         <name>.text.pthread_self</name>
         <load_address>0x3878</load_address>
         <readonly>true</readonly>
         <executable>true</executable>
         <run_address>0x3878</run_address>
         <size>0x18</size>
         <alignment>0x2</alignment>
         <input_file_ref idref="fl-17"/>
      </object_component>
      <object_component id="oc-13f">
         <name>.text.vPortEnterCritical</name>
         <load_address>0x3890</load_address>
         <readonly>true</readonly>
         <executable>true</executable>
         <run_address>0x3890</run_address>
         <size>0x18</size>
         <alignment>0x4</alignment>
         <input_file_ref idref="fl-14"/>
      </object_component>
      <object_component id="oc-141">
         <name>.text.vPortYield</name>
         <load_address>0x38a8</load_address>
         <readonly>true</readonly>
         <executable>true</executable>
         <run_address>0x38a8</run_address>
         <size>0x18</size>
         <alignment>0x4</alignment>
         <input_file_ref idref="fl-14"/>
      </object_component>
      <object_component id="oc-1a2">
         <name>.text.xTaskGetCurrentTaskHandle</name>
         <load_address>0x38c0</load_address>
         <readonly>true</readonly>
         <executable>true</executable>
         <run_address>0x38c0</run_address>
         <size>0x14</size>
         <alignment>0x4</alignment>
         <input_file_ref idref="fl-12"/>
      </object_component>
      <object_component id="oc-1c4">
         <name>.text.xTaskGetTickCount</name>
         <load_address>0x38d4</load_address>
         <readonly>true</readonly>
         <executable>true</executable>
         <run_address>0x38d4</run_address>
         <size>0x14</size>
         <alignment>0x4</alignment>
         <input_file_ref idref="fl-12"/>
      </object_component>
      <object_component id="oc-123">
         <name>.text.DL_UART_setClockConfig</name>
         <load_address>0x38e8</load_address>
         <readonly>true</readonly>
         <executable>true</executable>
         <run_address>0x38e8</run_address>
         <size>0x12</size>
         <alignment>0x2</alignment>
         <input_file_ref idref="fl-1d"/>
      </object_component>
      <object_component id="oc-b3">
         <name>.text.pthread_attr_setstacksize</name>
         <load_address>0x38fa</load_address>
         <readonly>true</readonly>
         <executable>true</executable>
         <run_address>0x38fa</run_address>
         <size>0x12</size>
         <alignment>0x2</alignment>
         <input_file_ref idref="fl-17"/>
      </object_component>
      <object_component id="oc-2b">
         <name>.text:decompress:none</name>
         <load_address>0x390c</load_address>
         <readonly>true</readonly>
         <executable>true</executable>
         <run_address>0x390c</run_address>
         <size>0x12</size>
         <alignment>0x2</alignment>
         <input_file_ref idref="fl-3a"/>
      </object_component>
      <object_component id="oc-157">
         <name>.text.vStartFirstTask</name>
         <load_address>0x3920</load_address>
         <readonly>true</readonly>
         <executable>true</executable>
         <run_address>0x3920</run_address>
         <size>0x10</size>
         <alignment>0x10</alignment>
         <input_file_ref idref="fl-15"/>
      </object_component>
      <object_component id="oc-f5">
         <name>.text.vTaskSuspendAll</name>
         <load_address>0x3930</load_address>
         <readonly>true</readonly>
         <executable>true</executable>
         <run_address>0x3930</run_address>
         <size>0x10</size>
         <alignment>0x4</alignment>
         <input_file_ref idref="fl-12"/>
      </object_component>
      <object_component id="oc-6c">
         <name>.text:decompress:ZI</name>
         <load_address>0x3940</load_address>
         <readonly>true</readonly>
         <executable>true</executable>
         <run_address>0x3940</run_address>
         <size>0x10</size>
         <alignment>0x2</alignment>
         <input_file_ref idref="fl-39"/>
      </object_component>
      <object_component id="oc-19b">
         <name>.text.__aeabi_memset</name>
         <load_address>0x3950</load_address>
         <readonly>true</readonly>
         <executable>true</executable>
         <run_address>0x3950</run_address>
         <size>0xe</size>
         <alignment>0x4</alignment>
         <input_file_ref idref="fl-e0"/>
      </object_component>
      <object_component id="oc-19c">
         <name>.text.vListInitialiseItem</name>
         <load_address>0x395e</load_address>
         <readonly>true</readonly>
         <executable>true</executable>
         <run_address>0x395e</run_address>
         <size>0xe</size>
         <alignment>0x2</alignment>
         <input_file_ref idref="fl-1a"/>
      </object_component>
      <object_component id="oc-1c0">
         <name>.text.vTaskMissedYield</name>
         <load_address>0x396c</load_address>
         <readonly>true</readonly>
         <executable>true</executable>
         <run_address>0x396c</run_address>
         <size>0xc</size>
         <alignment>0x4</alignment>
         <input_file_ref idref="fl-12"/>
      </object_component>
      <object_component id="oc-78">
         <name>.text.ulSetInterruptMask</name>
         <load_address>0x3978</load_address>
         <readonly>true</readonly>
         <executable>true</executable>
         <run_address>0x3978</run_address>
         <size>0x8</size>
         <alignment>0x2</alignment>
         <input_file_ref idref="fl-15"/>
      </object_component>
      <object_component id="oc-7a">
         <name>.text.vClearInterruptMask</name>
         <load_address>0x3980</load_address>
         <readonly>true</readonly>
         <executable>true</executable>
         <run_address>0x3980</run_address>
         <size>0x6</size>
         <alignment>0x2</alignment>
         <input_file_ref idref="fl-15"/>
      </object_component>
      <object_component id="oc-bc">
         <name>.text:abort</name>
         <load_address>0x3986</load_address>
         <readonly>true</readonly>
         <executable>true</executable>
         <run_address>0x3986</run_address>
         <size>0x6</size>
         <alignment>0x2</alignment>
         <input_file_ref idref="fl-3c"/>
      </object_component>
      <object_component id="oc-10e">
         <name>.text.HOSTexit</name>
         <load_address>0x398c</load_address>
         <readonly>true</readonly>
         <executable>true</executable>
         <run_address>0x398c</run_address>
         <size>0x4</size>
         <alignment>0x2</alignment>
         <input_file_ref idref="fl-de"/>
      </object_component>
      <object_component id="oc-3a">
         <name>.text.Reset_Handler</name>
         <load_address>0x3990</load_address>
         <readonly>true</readonly>
         <executable>true</executable>
         <run_address>0x3990</run_address>
         <size>0x4</size>
         <alignment>0x2</alignment>
         <input_file_ref idref="fl-4"/>
      </object_component>
      <object_component id="oc-87">
         <name>.text._system_pre_init</name>
         <load_address>0x3994</load_address>
         <readonly>true</readonly>
         <executable>true</executable>
         <run_address>0x3994</run_address>
         <size>0x4</size>
         <alignment>0x2</alignment>
         <input_file_ref idref="fl-37"/>
      </object_component>
      <object_component id="oc-20b">
         <name>.cinit..data.load</name>
         <load_address>0x39d8</load_address>
         <readonly>true</readonly>
         <run_address>0x39d8</run_address>
         <size>0x17</size>
         <alignment>0x1</alignment>
      </object_component>
      <object_component id="oc-209">
         <name>__TI_handler_table</name>
         <load_address>0x39f0</load_address>
         <readonly>true</readonly>
         <run_address>0x39f0</run_address>
         <size>0xc</size>
         <alignment>0x4</alignment>
      </object_component>
      <object_component id="oc-20c">
         <name>.cinit..bss.load</name>
         <load_address>0x39fc</load_address>
         <readonly>true</readonly>
         <run_address>0x39fc</run_address>
         <size>0x8</size>
         <alignment>0x4</alignment>
      </object_component>
      <object_component id="oc-20a">
         <name>__TI_cinit_table</name>
         <load_address>0x3a04</load_address>
         <readonly>true</readonly>
         <run_address>0x3a04</run_address>
         <size>0x10</size>
         <alignment>0x4</alignment>
      </object_component>
      <object_component id="oc-12a">
         <name>.rodata.gUART_0Config</name>
         <load_address>0x39a0</load_address>
         <readonly>true</readonly>
         <run_address>0x39a0</run_address>
         <size>0xa</size>
         <alignment>0x2</alignment>
         <input_file_ref idref="fl-3"/>
      </object_component>
      <object_component id="oc-128">
         <name>.rodata.gUART_1Config</name>
         <load_address>0x39aa</load_address>
         <readonly>true</readonly>
         <run_address>0x39aa</run_address>
         <size>0xa</size>
         <alignment>0x2</alignment>
         <input_file_ref idref="fl-3"/>
      </object_component>
      <object_component id="oc-126">
         <name>.rodata.gUART_3Config</name>
         <load_address>0x39b4</load_address>
         <readonly>true</readonly>
         <run_address>0x39b4</run_address>
         <size>0xa</size>
         <alignment>0x2</alignment>
         <input_file_ref idref="fl-3"/>
      </object_component>
      <object_component id="oc-152">
         <name>.rodata.str1.6031452896567546882.1</name>
         <load_address>0x39be</load_address>
         <readonly>true</readonly>
         <run_address>0x39be</run_address>
         <size>0x8</size>
         <alignment>0x1</alignment>
         <input_file_ref idref="fl-13"/>
      </object_component>
      <object_component id="oc-14b">
         <name>.rodata.str1.13344916649340266805.1</name>
         <load_address>0x39c6</load_address>
         <readonly>true</readonly>
         <run_address>0x39c6</run_address>
         <size>0x5</size>
         <alignment>0x1</alignment>
         <input_file_ref idref="fl-12"/>
      </object_component>
      <object_component id="oc-104">
         <name>.rodata.uxTopUsedPriority</name>
         <load_address>0x39cc</load_address>
         <readonly>true</readonly>
         <run_address>0x39cc</run_address>
         <size>0x4</size>
         <alignment>0x4</alignment>
         <input_file_ref idref="fl-12"/>
      </object_component>
      <object_component id="oc-129">
         <name>.rodata.gUART_0ClockConfig</name>
         <load_address>0x39d0</load_address>
         <readonly>true</readonly>
         <run_address>0x39d0</run_address>
         <size>0x2</size>
         <alignment>0x1</alignment>
         <input_file_ref idref="fl-3"/>
      </object_component>
      <object_component id="oc-127">
         <name>.rodata.gUART_1ClockConfig</name>
         <load_address>0x39d2</load_address>
         <readonly>true</readonly>
         <run_address>0x39d2</run_address>
         <size>0x2</size>
         <alignment>0x1</alignment>
         <input_file_ref idref="fl-3"/>
      </object_component>
      <object_component id="oc-125">
         <name>.rodata.gUART_3ClockConfig</name>
         <load_address>0x39d4</load_address>
         <readonly>true</readonly>
         <run_address>0x39d4</run_address>
         <size>0x2</size>
         <alignment>0x1</alignment>
         <input_file_ref idref="fl-3"/>
      </object_component>
      <object_component id="oc-fb">
         <name>.rodata.str1.301604644627550129.1</name>
         <load_address>0x39d6</load_address>
         <readonly>true</readonly>
         <run_address>0x39d6</run_address>
         <size>0x2</size>
         <alignment>0x1</alignment>
         <input_file_ref idref="fl-17"/>
      </object_component>
      <object_component id="oc-1d3">
         <name>.binit</name>
         <load_address>0x0</load_address>
         <readonly>true</readonly>
         <run_address>0x0</run_address>
         <size>0x0</size>
         <alignment>0x4</alignment>
      </object_component>
      <object_component id="oc-1a">
         <name>.data.pxCurrentTCB</name>
         <load_address>0x20201350</load_address>
         <readwrite>true</readwrite>
         <run_address>0x20201350</run_address>
         <size>0x4</size>
         <alignment>0x4</alignment>
         <input_file_ref idref="fl-12"/>
      </object_component>
      <object_component id="oc-173">
         <name>.data.uxTaskNumber</name>
         <load_address>0x20201370</load_address>
         <readwrite>true</readwrite>
         <run_address>0x20201370</run_address>
         <size>0x4</size>
         <alignment>0x4</alignment>
         <input_file_ref idref="fl-12"/>
      </object_component>
      <object_component id="oc-103">
         <name>.data.xSchedulerRunning</name>
         <load_address>0x20201398</load_address>
         <readwrite>true</readwrite>
         <run_address>0x20201398</run_address>
         <size>0x4</size>
         <alignment>0x4</alignment>
         <input_file_ref idref="fl-12"/>
      </object_component>
      <object_component id="oc-1b2">
         <name>.data.uxDeletedTasksWaitingCleanUp</name>
         <load_address>0x20201368</load_address>
         <readwrite>true</readwrite>
         <run_address>0x20201368</run_address>
         <size>0x4</size>
         <alignment>0x4</alignment>
         <input_file_ref idref="fl-12"/>
      </object_component>
      <object_component id="oc-142">
         <name>.data.uxCurrentNumberOfTasks</name>
         <load_address>0x20201364</load_address>
         <readwrite>true</readwrite>
         <run_address>0x20201364</run_address>
         <size>0x4</size>
         <alignment>0x4</alignment>
         <input_file_ref idref="fl-12"/>
      </object_component>
      <object_component id="oc-4f">
         <name>.data.uxSchedulerSuspended</name>
         <load_address>0x2020136c</load_address>
         <readwrite>true</readwrite>
         <run_address>0x2020136c</run_address>
         <size>0x4</size>
         <alignment>0x4</alignment>
         <input_file_ref idref="fl-12"/>
      </object_component>
      <object_component id="oc-98">
         <name>.data.xTickCount</name>
         <load_address>0x2020139c</load_address>
         <readwrite>true</readwrite>
         <run_address>0x2020139c</run_address>
         <size>0x4</size>
         <alignment>0x4</alignment>
         <input_file_ref idref="fl-12"/>
      </object_component>
      <object_component id="oc-51">
         <name>.data.uxTopReadyPriority</name>
         <load_address>0x20201374</load_address>
         <readwrite>true</readwrite>
         <run_address>0x20201374</run_address>
         <size>0x4</size>
         <alignment>0x4</alignment>
         <input_file_ref idref="fl-12"/>
      </object_component>
      <object_component id="oc-9c">
         <name>.data.xNextTaskUnblockTime</name>
         <load_address>0x20201384</load_address>
         <readwrite>true</readwrite>
         <run_address>0x20201384</run_address>
         <size>0x4</size>
         <alignment>0x4</alignment>
         <input_file_ref idref="fl-12"/>
      </object_component>
      <object_component id="oc-50">
         <name>.data.xYieldPendings</name>
         <load_address>0x202013a8</load_address>
         <readwrite>true</readwrite>
         <run_address>0x202013a8</run_address>
         <size>0x4</size>
         <alignment>0x4</alignment>
         <input_file_ref idref="fl-12"/>
      </object_component>
      <object_component id="oc-97">
         <name>.data.xPendedTicks</name>
         <load_address>0x20201394</load_address>
         <readwrite>true</readwrite>
         <run_address>0x20201394</run_address>
         <size>0x4</size>
         <alignment>0x4</alignment>
         <input_file_ref idref="fl-12"/>
      </object_component>
      <object_component id="oc-9b">
         <name>.data.xNumOfOverflows</name>
         <load_address>0x20201388</load_address>
         <readwrite>true</readwrite>
         <run_address>0x20201388</run_address>
         <size>0x4</size>
         <alignment>0x4</alignment>
         <input_file_ref idref="fl-12"/>
      </object_component>
      <object_component id="oc-150">
         <name>.data.xTimerQueue</name>
         <load_address>0x202013a0</load_address>
         <readwrite>true</readwrite>
         <run_address>0x202013a0</run_address>
         <size>0x4</size>
         <alignment>0x4</alignment>
         <input_file_ref idref="fl-13"/>
      </object_component>
      <object_component id="oc-153">
         <name>.data.xTimerTaskHandle</name>
         <load_address>0x202013a4</load_address>
         <readwrite>true</readwrite>
         <run_address>0x202013a4</run_address>
         <size>0x4</size>
         <alignment>0x4</alignment>
         <input_file_ref idref="fl-13"/>
      </object_component>
      <object_component id="oc-1c6">
         <name>.data.prvSampleTimeNow.xLastTime</name>
         <load_address>0x2020134c</load_address>
         <readwrite>true</readwrite>
         <run_address>0x2020134c</run_address>
         <size>0x4</size>
         <alignment>0x4</alignment>
         <input_file_ref idref="fl-13"/>
      </object_component>
      <object_component id="oc-195">
         <name>.data.xMaximumPossibleSuppressedTicks</name>
         <load_address>0x2020137c</load_address>
         <readwrite>true</readwrite>
         <run_address>0x2020137c</run_address>
         <size>0x4</size>
         <alignment>0x4</alignment>
         <input_file_ref idref="fl-14"/>
      </object_component>
      <object_component id="oc-194">
         <name>.data.ulTimerCountsForOneTick</name>
         <load_address>0x20201360</load_address>
         <readwrite>true</readwrite>
         <run_address>0x20201360</run_address>
         <size>0x4</size>
         <alignment>0x4</alignment>
         <input_file_ref idref="fl-14"/>
      </object_component>
      <object_component id="oc-196">
         <name>.data.ulStoppedTimerCompensation</name>
         <load_address>0x2020135c</load_address>
         <readwrite>true</readwrite>
         <run_address>0x2020135c</run_address>
         <size>0x4</size>
         <alignment>0x4</alignment>
         <input_file_ref idref="fl-14"/>
      </object_component>
      <object_component id="oc-159">
         <name>.data.ulCriticalNesting</name>
         <load_address>0x20201358</load_address>
         <readwrite>true</readwrite>
         <run_address>0x20201358</run_address>
         <size>0x4</size>
         <alignment>0x4</alignment>
         <input_file_ref idref="fl-14"/>
      </object_component>
      <object_component id="oc-e6">
         <name>.data.defaultPthreadAttrs</name>
         <load_address>0x20201338</load_address>
         <readwrite>true</readwrite>
         <run_address>0x20201338</run_address>
         <size>0x14</size>
         <alignment>0x4</alignment>
         <input_file_ref idref="fl-17"/>
      </object_component>
      <object_component id="oc-12c">
         <name>.data.pxEnd</name>
         <load_address>0x20201354</load_address>
         <readwrite>true</readwrite>
         <run_address>0x20201354</run_address>
         <size>0x4</size>
         <alignment>0x4</alignment>
         <input_file_ref idref="fl-19"/>
      </object_component>
      <object_component id="oc-12d">
         <name>.data.xFreeBytesRemaining</name>
         <load_address>0x20201378</load_address>
         <readwrite>true</readwrite>
         <run_address>0x20201378</run_address>
         <size>0x4</size>
         <alignment>0x4</alignment>
         <input_file_ref idref="fl-19"/>
      </object_component>
      <object_component id="oc-130">
         <name>.data.xMinimumEverFreeBytesRemaining</name>
         <load_address>0x20201380</load_address>
         <readwrite>true</readwrite>
         <run_address>0x20201380</run_address>
         <size>0x4</size>
         <alignment>0x4</alignment>
         <input_file_ref idref="fl-19"/>
      </object_component>
      <object_component id="oc-131">
         <name>.data.xNumberOfSuccessfulAllocations</name>
         <load_address>0x2020138c</load_address>
         <readwrite>true</readwrite>
         <run_address>0x2020138c</run_address>
         <size>0x4</size>
         <alignment>0x4</alignment>
         <input_file_ref idref="fl-19"/>
      </object_component>
      <object_component id="oc-13c">
         <name>.data.xNumberOfSuccessfulFrees</name>
         <load_address>0x20201390</load_address>
         <readwrite>true</readwrite>
         <run_address>0x20201390</run_address>
         <size>0x4</size>
         <alignment>0x4</alignment>
         <input_file_ref idref="fl-19"/>
      </object_component>
      <object_component id="oc-1a0">
         <name>.bss.xTasksWaitingTermination</name>
         <uninitialized>true</uninitialized>
         <readwrite>true</readwrite>
         <run_address>0x20201308</run_address>
         <size>0x14</size>
         <alignment>0x4</alignment>
         <input_file_ref idref="fl-12"/>
      </object_component>
      <object_component id="oc-99">
         <name>.bss.pxDelayedTaskList</name>
         <uninitialized>true</uninitialized>
         <readwrite>true</readwrite>
         <run_address>0x20201328</run_address>
         <size>0x4</size>
         <alignment>0x4</alignment>
         <input_file_ref idref="fl-12"/>
      </object_component>
      <object_component id="oc-9a">
         <name>.bss.pxOverflowDelayedTaskList</name>
         <uninitialized>true</uninitialized>
         <readwrite>true</readwrite>
         <run_address>0x2020132c</run_address>
         <size>0x4</size>
         <alignment>0x4</alignment>
         <input_file_ref idref="fl-12"/>
      </object_component>
      <object_component id="oc-143">
         <name>.bss.xPendingReadyList</name>
         <uninitialized>true</uninitialized>
         <readwrite>true</readwrite>
         <run_address>0x202012e0</run_address>
         <size>0x14</size>
         <alignment>0x4</alignment>
         <input_file_ref idref="fl-12"/>
      </object_component>
      <object_component id="oc-1a1">
         <name>.bss.xSuspendedTaskList</name>
         <uninitialized>true</uninitialized>
         <readwrite>true</readwrite>
         <run_address>0x202012f4</run_address>
         <size>0x14</size>
         <alignment>0x4</alignment>
         <input_file_ref idref="fl-12"/>
      </object_component>
      <object_component id="oc-52">
         <name>.bss.pxReadyTasksLists</name>
         <uninitialized>true</uninitialized>
         <readwrite>true</readwrite>
         <run_address>0x20201000</run_address>
         <size>0xc8</size>
         <alignment>0x4</alignment>
         <input_file_ref idref="fl-12"/>
      </object_component>
      <object_component id="oc-14d">
         <name>.bss.xIdleTaskHandles</name>
         <uninitialized>true</uninitialized>
         <readwrite>true</readwrite>
         <run_address>0x20201334</run_address>
         <size>0x4</size>
         <alignment>0x4</alignment>
         <input_file_ref idref="fl-12"/>
      </object_component>
      <object_component id="oc-19e">
         <name>.bss.xDelayedTaskList1</name>
         <uninitialized>true</uninitialized>
         <readwrite>true</readwrite>
         <run_address>0x202012b8</run_address>
         <size>0x14</size>
         <alignment>0x4</alignment>
         <input_file_ref idref="fl-12"/>
      </object_component>
      <object_component id="oc-19f">
         <name>.bss.xDelayedTaskList2</name>
         <uninitialized>true</uninitialized>
         <readwrite>true</readwrite>
         <run_address>0x202012cc</run_address>
         <size>0x14</size>
         <alignment>0x4</alignment>
         <input_file_ref idref="fl-12"/>
      </object_component>
      <object_component id="oc-18b">
         <name>.bss.pxCurrentTimerList</name>
         <uninitialized>true</uninitialized>
         <readwrite>true</readwrite>
         <run_address>0x20201324</run_address>
         <size>0x4</size>
         <alignment>0x4</alignment>
         <input_file_ref idref="fl-13"/>
      </object_component>
      <object_component id="oc-18c">
         <name>.bss.pxOverflowTimerList</name>
         <uninitialized>true</uninitialized>
         <readwrite>true</readwrite>
         <run_address>0x20201330</run_address>
         <size>0x4</size>
         <alignment>0x4</alignment>
         <input_file_ref idref="fl-13"/>
      </object_component>
      <object_component id="oc-189">
         <name>.bss.xActiveTimerList1</name>
         <uninitialized>true</uninitialized>
         <readwrite>true</readwrite>
         <run_address>0x20201290</run_address>
         <size>0x14</size>
         <alignment>0x4</alignment>
         <input_file_ref idref="fl-13"/>
      </object_component>
      <object_component id="oc-18a">
         <name>.bss.xActiveTimerList2</name>
         <uninitialized>true</uninitialized>
         <readwrite>true</readwrite>
         <run_address>0x202012a4</run_address>
         <size>0x14</size>
         <alignment>0x4</alignment>
         <input_file_ref idref="fl-13"/>
      </object_component>
      <object_component id="oc-18e">
         <name>.bss.prvCheckForValidListAndQueue.xStaticTimerQueue</name>
         <uninitialized>true</uninitialized>
         <readwrite>true</readwrite>
         <run_address>0x20201210</run_address>
         <size>0x50</size>
         <alignment>0x4</alignment>
         <input_file_ref idref="fl-13"/>
      </object_component>
      <object_component id="oc-18d">
         <name>.bss.prvCheckForValidListAndQueue.ucStaticTimerQueueStorage</name>
         <uninitialized>true</uninitialized>
         <readwrite>true</readwrite>
         <run_address>0x202010c8</run_address>
         <size>0x78</size>
         <alignment>0x1</alignment>
         <input_file_ref idref="fl-13"/>
      </object_component>
      <object_component id="oc-17b">
         <name>.bss.vApplicationGetIdleTaskMemory.xIdleTaskTCB</name>
         <uninitialized>true</uninitialized>
         <readwrite>true</readwrite>
         <run_address>0x20201140</run_address>
         <size>0x68</size>
         <alignment>0x4</alignment>
         <input_file_ref idref="fl-18"/>
      </object_component>
      <object_component id="oc-17c">
         <name>.bss.vApplicationGetIdleTaskMemory.uxIdleTaskStack</name>
         <uninitialized>true</uninitialized>
         <readwrite>true</readwrite>
         <run_address>0x20200c00</run_address>
         <size>0x200</size>
         <alignment>0x4</alignment>
         <input_file_ref idref="fl-18"/>
      </object_component>
      <object_component id="oc-18f">
         <name>.bss.vApplicationGetTimerTaskMemory.xTimerTaskTCB</name>
         <uninitialized>true</uninitialized>
         <readwrite>true</readwrite>
         <run_address>0x202011a8</run_address>
         <size>0x68</size>
         <alignment>0x4</alignment>
         <input_file_ref idref="fl-18"/>
      </object_component>
      <object_component id="oc-190">
[...]
         <name>ADC1_IRQHandler</name>
         <value>0xad3</value>
         <object_component_ref idref="oc-3e"/>
      </symbol>
      <symbol id="sm-91">
         <name>CANFD0_IRQHandler</name>
         <value>0xad3</value>
         <object_component_ref idref="oc-3e"/>
      </symbol>
      <symbol id="sm-92">
         <name>DAC0_IRQHandler</name>
         <value>0xad3</value>
         <object_component_ref idref="oc-3e"/>
      </symbol>
      <symbol id="sm-93">
         <name>SPI0_IRQHandler</name>
         <value>0xad3</value>
         <object_component_ref idref="oc-3e"/>
      </symbol>
      <symbol id="sm-94">
         <name>SPI1_IRQHandler</name>
         <value>0xad3</value>
         <object_component_ref idref="oc-3e"/>
      </symbol>
      <symbol id="sm-95">
         <name>UART1_IRQHandler</name>
         <value>0xad3</value>
         <object_component_ref idref="oc-3e"/>
      </symbol>
      <symbol id="sm-96">
         <name>UART2_IRQHandler</name>
         <value>0xad3</value>
         <object_component_ref idref="oc-3e"/>
      </symbol>
      <symbol id="sm-97">
         <name>UART0_IRQHandler</name>
         <value>0xad3</value>
         <object_component_ref idref="oc-3e"/>
      </symbol>
      <symbol id="sm-98">
         <name>TIMG0_IRQHandler</name>
         <value>0xad3</value>
         <object_component_ref idref="oc-3e"/>
      </symbol>
      <symbol id="sm-99">
         <name>TIMG6_IRQHandler</name>
         <value>0xad3</value>
         <object_component_ref idref="oc-3e"/>
      </symbol>
      <symbol id="sm-9a">
         <name>TIMA0_IRQHandler</name>
         <value>0xad3</value>
         <object_component_ref idref="oc-3e"/>
      </symbol>
      <symbol id="sm-9b">
         <name>TIMA1_IRQHandler</name>
         <value>0xad3</value>
         <object_component_ref idref="oc-3e"/>
      </symbol>
      <symbol id="sm-9c">
         <name>TIMG7_IRQHandler</name>
         <value>0xad3</value>
         <object_component_ref idref="oc-3e"/>
      </symbol>
      <symbol id="sm-9d">
         <name>TIMG12_IRQHandler</name>
         <value>0xad3</value>
         <object_component_ref idref="oc-3e"/>
      </symbol>
      <symbol id="sm-9e">
         <name>I2C0_IRQHandler</name>
         <value>0xad3</value>
         <object_component_ref idref="oc-3e"/>
      </symbol>
      <symbol id="sm-9f">
         <name>I2C1_IRQHandler</name>
         <value>0xad3</value>
         <object_component_ref idref="oc-3e"/>
      </symbol>
      <symbol id="sm-a0">
         <name>AES_IRQHandler</name>
         <value>0xad3</value>
         <object_component_ref idref="oc-3e"/>
      </symbol>
      <symbol id="sm-a1">
         <name>RTC_IRQHandler</name>
         <value>0xad3</value>
         <object_component_ref idref="oc-3e"/>
      </symbol>
      <symbol id="sm-a2">
         <name>DMA_IRQHandler</name>
         <value>0xad3</value>
         <object_component_ref idref="oc-3e"/>
      </symbol>
      <symbol id="sm-a3">
         <name>__TI_ATRegion0_src_addr</name>
         <value>0x0</value>
      </symbol>
      <symbol id="sm-a4">
         <name>__TI_ATRegion0_trg_addr</name>
         <value>0x0</value>
      </symbol>
      <symbol id="sm-a5">
         <name>__TI_ATRegion0_region_sz</name>
         <value>0x0</value>
      </symbol>
      <symbol id="sm-a6">
         <name>__TI_ATRegion1_src_addr</name>
         <value>0x0</value>
      </symbol>
      <symbol id="sm-a7">
         <name>__TI_ATRegion1_trg_addr</name>
         <value>0x0</value>
      </symbol>
      <symbol id="sm-a8">
         <name>__TI_ATRegion1_region_sz</name>
         <value>0x0</value>
      </symbol>
      <symbol id="sm-a9">
         <name>__TI_ATRegion2_src_addr</name>
         <value>0x0</value>
      </symbol>
      <symbol id="sm-aa">
         <name>__TI_ATRegion2_trg_addr</name>
         <value>0x0</value>
      </symbol>
      <symbol id="sm-ab">
         <name>__TI_ATRegion2_region_sz</name>
         <value>0x0</value>
      </symbol>
      <symbol id="sm-14f">
         <name>xTaskCreateStatic</name>
         <value>0x2f3d</value>
         <object_component_ref idref="oc-14a"/>
      </symbol>
      <symbol id="sm-150">
         <name>pxCurrentTCB</name>
         <value>0x20201350</value>
         <object_component_ref idref="oc-1a"/>
      </symbol>
      <symbol id="sm-151">
         <name>xTaskCreate</name>
         <value>0x3061</value>
         <object_component_ref idref="oc-f6"/>
      </symbol>
      <symbol id="sm-152">
         <name>vTaskDelete</name>
         <value>0x12f9</value>
         <object_component_ref idref="oc-17a"/>
      </symbol>
      <symbol id="sm-153">
         <name>vTaskSuspendAll</name>
         <value>0x3931</value>
         <object_component_ref idref="oc-f5"/>
      </symbol>
      <symbol id="sm-154">
         <name>xTaskResumeAll</name>
         <value>0x565</value>
         <object_component_ref idref="oc-f9"/>
      </symbol>
      <symbol id="sm-155">
         <name>xTaskIncrementTick</name>
         <value>0x355</value>
         <object_component_ref idref="oc-79"/>
      </symbol>
      <symbol id="sm-156">
         <name>vTaskSuspend</name>
         <value>0x11d5</value>
         <object_component_ref idref="oc-179"/>
      </symbol>
      <symbol id="sm-157">
         <name>vTaskSwitchContext</name>
         <value>0x1635</value>
         <object_component_ref idref="oc-1c"/>
      </symbol>
      <symbol id="sm-158">
         <name>vTaskStartScheduler</name>
         <value>0x2b61</value>
         <object_component_ref idref="oc-b5"/>
      </symbol>
      <symbol id="sm-159">
         <name>xTaskGetTickCount</name>
         <value>0x38d5</value>
         <object_component_ref idref="oc-1c4"/>
      </symbol>
      <symbol id="sm-15a">
         <name>vTaskStepTick</name>
         <value>0x25cd</value>
         <object_component_ref idref="oc-1b4"/>
      </symbol>
      <symbol id="sm-15b">
         <name>vTaskSetApplicationTaskTag</name>
         <value>0x3411</value>
         <object_component_ref idref="oc-f7"/>
      </symbol>
      <symbol id="sm-15c">
         <name>xTaskGetApplicationTaskTag</name>
         <value>0x30a9</value>
         <object_component_ref idref="oc-1a3"/>
      </symbol>
      <symbol id="sm-15d">
         <name>vTaskPlaceOnEventList</name>
         <value>0x33dd</value>
         <object_component_ref idref="oc-1a8"/>
      </symbol>
      <symbol id="sm-15e">
         <name>vTaskPlaceOnEventListRestricted</name>
         <value>0x2939</value>
         <object_component_ref idref="oc-1c7"/>
      </symbol>
      <symbol id="sm-15f">
         <name>xTaskRemoveFromEventList</name>
         <value>0xc75</value>
         <object_component_ref idref="oc-19a"/>
      </symbol>
      <symbol id="sm-160">
         <name>vTaskInternalSetTimeOutState</name>
         <value>0x37e5</value>
         <object_component_ref idref="oc-1a5"/>
      </symbol>
      <symbol id="sm-161">
         <name>xTaskCheckForTimeOut</name>
         <value>0x1e65</value>
         <object_component_ref idref="oc-1a6"/>
      </symbol>
      <symbol id="sm-162">
         <name>vTaskMissedYield</name>
         <value>0x396d</value>
         <object_component_ref idref="oc-1c0"/>
      </symbol>
      <symbol id="sm-163">
         <name>eTaskConfirmSleepModeStatus</name>
         <value>0x26d1</value>
         <object_component_ref idref="oc-1b3"/>
      </symbol>
      <symbol id="sm-164">
         <name>pvTaskGetThreadLocalStoragePointer</name>
         <value>0x2c2d</value>
         <object_component_ref idref="oc-1c1"/>
      </symbol>
      <symbol id="sm-165">
         <name>xTaskGetCurrentTaskHandle</name>
         <value>0x38c1</value>
         <object_component_ref idref="oc-1a2"/>
      </symbol>
      <symbol id="sm-166">
         <name>xTaskGetSchedulerState</name>
         <value>0x3339</value>
         <object_component_ref idref="oc-f4"/>
      </symbol>
      <symbol id="sm-167">
         <name>xTaskPriorityDisinherit</name>
         <value>0x1741</value>
         <object_component_ref idref="oc-1bd"/>
      </symbol>
      <symbol id="sm-1ac">
         <name>xTimerCreateTimerTask</name>
         <value>0x27c9</value>
         <object_component_ref idref="oc-fd"/>
      </symbol>
      <symbol id="sm-1d9">
         <name>vPortSuppressTicksAndSleep</name>
         <value>0xad5</value>
         <object_component_ref idref="oc-182"/>
      </symbol>
      <symbol id="sm-1da">
         <name>vPortSetupTimerInterrupt</name>
         <value>0x2df9</value>
         <object_component_ref idref="oc-156"/>
      </symbol>
      <symbol id="sm-1db">
         <name>vPortYield</name>
         <value>0x38a9</value>
         <object_component_ref idref="oc-141"/>
      </symbol>
      <symbol id="sm-1dc">
         <name>vPortEnterCritical</name>
         <value>0x3891</value>
         <object_component_ref idref="oc-13f"/>
      </symbol>
      <symbol id="sm-1dd">
         <name>vPortExitCritical</name>
         <value>0x364d</value>
         <object_component_ref idref="oc-140"/>
      </symbol>
      <symbol id="sm-1de">
         <name>SysTick_Handler</name>
         <value>0x34d9</value>
         <object_component_ref idref="oc-45"/>
      </symbol>
      <symbol id="sm-1df">
         <name>vPortSVCHandler_C</name>
         <value>0x35c5</value>
         <object_component_ref idref="oc-20"/>
      </symbol>
      <symbol id="sm-1e0">
         <name>pxPortInitialiseStack</name>
         <value>0x1415</value>
         <object_component_ref idref="oc-19d"/>
      </symbol>
      <symbol id="sm-1e1">
         <name>xPortStartScheduler</name>
         <value>0x2651</value>
         <object_component_ref idref="oc-102"/>
      </symbol>
      <symbol id="sm-1f9">
         <name>vRestoreContextOfFirstTask</name>
         <value>0x37a1</value>
         <object_component_ref idref="oc-53"/>
      </symbol>
      <symbol id="sm-1fa">
         <name>vStartFirstTask</name>
         <value>0x3921</value>
         <object_component_ref idref="oc-157"/>
      </symbol>
      <symbol id="sm-1fb">
         <name>ulSetInterruptMask</name>
         <value>0x3979</value>
         <object_component_ref idref="oc-78"/>
      </symbol>
      <symbol id="sm-1fc">
         <name>vClearInterruptMask</name>
         <value>0x3981</value>
         <object_component_ref idref="oc-7a"/>
      </symbol>
      <symbol id="sm-1fd">
         <name>PendSV_Handler</name>
         <value>0x3141</value>
         <object_component_ref idref="oc-44"/>
      </symbol>
      <symbol id="sm-1fe">
         <name>SVC_Handler</name>
         <value>0x3771</value>
         <object_component_ref idref="oc-3f"/>
      </symbol>
      <symbol id="sm-207">
         <name>PTLS_taskDeleteHook</name>
         <value>0x3745</value>
         <object_component_ref idref="oc-1ac"/>
      </symbol>
      <symbol id="sm-22b">
         <name>pthread_attr_init</name>
         <value>0x385d</value>
         <object_component_ref idref="oc-ac"/>
      </symbol>
      <symbol id="sm-22c">
         <name>pthread_attr_setdetachstate</name>
         <value>0x3597</value>
         <object_component_ref idref="oc-b2"/>
      </symbol>
      <symbol id="sm-22d">
         <name>pthread_attr_setschedparam</name>
         <value>0x33a7</value>
         <object_component_ref idref="oc-b1"/>
      </symbol>
      <symbol id="sm-22e">
         <name>pthread_attr_setstacksize</name>
         <value>0x38fb</value>
         <object_component_ref idref="oc-b3"/>
      </symbol>
      <symbol id="sm-22f">
         <name>_pthread_cleanup_pop</name>
         <value>0x35f3</value>
         <object_component_ref idref="oc-176"/>
      </symbol>
      <symbol id="sm-230">
         <name>pthread_create</name>
         <value>0xf61</value>
         <object_component_ref idref="oc-b4"/>
      </symbol>
      <symbol id="sm-231">
         <name>pthread_exit</name>
         <value>0x29ad</value>
         <object_component_ref idref="oc-144"/>
      </symbol>
      <symbol id="sm-232">
         <name>pthread_self</name>
         <value>0x3879</value>
         <object_component_ref idref="oc-174"/>
      </symbol>
      <symbol id="sm-233">
         <name>pthread_setcancelstate</name>
         <value>0x2d45</value>
         <object_component_ref idref="oc-175"/>
      </symbol>
      <symbol id="sm-248">
         <name>vApplicationGetIdleTaskMemory</name>
         <value>0x36cd</value>
         <object_component_ref idref="oc-145"/>
      </symbol>
      <symbol id="sm-249">
         <name>vApplicationGetTimerTaskMemory</name>
         <value>0x36f5</value>
         <object_component_ref idref="oc-14f"/>
      </symbol>
      <symbol id="sm-26c">
         <name>pvPortMalloc</name>
         <value>0xc1</value>
         <object_component_ref idref="oc-e9"/>
      </symbol>
      <symbol id="sm-26d">
         <name>vPortFree</name>
         <value>0x194d</value>
         <object_component_ref idref="oc-f3"/>
      </symbol>
      <symbol id="sm-27e">
         <name>vListInitialise</name>
         <value>0x361f</value>
         <object_component_ref idref="oc-183"/>
      </symbol>
      <symbol id="sm-27f">
         <name>vListInitialiseItem</name>
         <value>0x395f</value>
         <object_component_ref idref="oc-19c"/>
      </symbol>
      <symbol id="sm-280">
         <name>vListInsertEnd</name>
         <value>0x32c5</value>
         <object_component_ref idref="oc-1ab"/>
      </symbol>
      <symbol id="sm-281">
         <name>vListInsert</name>
         <value>0x2a89</value>
         <object_component_ref idref="oc-1be"/>
      </symbol>
      <symbol id="sm-282">
         <name>uxListRemove</name>
         <value>0x3019</value>
         <object_component_ref idref="oc-1aa"/>
      </symbol>
      <symbol id="sm-2a9">
         <name>xQueueGenericReset</name>
         <value>0x1b29</value>
         <object_component_ref idref="oc-170"/>
      </symbol>
      <symbol id="sm-2aa">
         <name>xQueueGenericCreateStatic</name>
         <value>0x1fb9</value>
         <object_component_ref idref="oc-188"/>
      </symbol>
      <symbol id="sm-2ab">
         <name>xQueueGenericCreate</name>
         <value>0x218b</value>
         <object_component_ref idref="oc-ee"/>
      </symbol>
      <symbol id="sm-2ac">
         <name>xQueueGenericSend</name>
         <value>0x75d</value>
         <object_component_ref idref="oc-178"/>
      </symbol>
      <symbol id="sm-2ad">
         <name>xQueueReceive</name>
         <value>0x92f</value>
         <object_component_ref idref="oc-1ba"/>
      </symbol>
      <symbol id="sm-2ae">
         <name>vQueueDelete</name>
         <value>0x3445</value>
         <object_component_ref idref="oc-f8"/>
      </symbol>
      <symbol id="sm-2af">
         <name>vQueueWaitForMessageRestricted</name>
         <value>0x2af5</value>
         <object_component_ref idref="oc-1b9"/>
      </symbol>
      <symbol id="sm-2b8">
         <name>DL_Common_delayCycles</name>
         <value>0x3137</value>
         <object_component_ref idref="oc-11f"/>
      </symbol>
      <symbol id="sm-2cb">
         <name>DL_UART_init</name>
         <value>0x2f89</value>
         <object_component_ref idref="oc-124"/>
      </symbol>
      <symbol id="sm-2cc">
         <name>DL_UART_setClockConfig</name>
         <value>0x38e9</value>
         <object_component_ref idref="oc-123"/>
      </symbol>
      <symbol id="sm-2cd">
         <name>DL_UART_receiveDataBlocking</name>
         <value>0x37c5</value>
         <object_component_ref idref="oc-105"/>
      </symbol>
      <symbol id="sm-2ce">
         <name>DL_UART_transmitDataBlocking</name>
         <value>0x3479</value>
         <object_component_ref idref="oc-10b"/>
      </symbol>
      <symbol id="sm-2d9">
         <name>_c_int00_noargs</name>
         <value>0x371d</value>
         <object_component_ref idref="oc-6f"/>
      </symbol>
      <symbol id="sm-2da">
         <name>__stack</name>
         <value>0x20207e00</value>
         <object_component_ref idref="oc-25"/>
      </symbol>
      <symbol id="sm-2e6">
         <name>__TI_auto_init_nobinit_nopinit</name>
         <value>0x3289</value>
         <object_component_ref idref="oc-c3"/>
      </symbol>
      <symbol id="sm-2ee">
         <name>_system_pre_init</name>
         <value>0x3995</value>
         <object_component_ref idref="oc-87"/>
      </symbol>
      <symbol id="sm-2f9">
         <name>__TI_zero_init</name>
         <value>0x3941</value>
         <object_component_ref idref="oc-6c"/>
      </symbol>
      <symbol id="sm-302">
         <name>__TI_decompress_none</name>
         <value>0x390d</value>
         <object_component_ref idref="oc-2b"/>
      </symbol>
      <symbol id="sm-30d">
         <name>__TI_decompress_lzss</name>
         <value>0x2845</value>
         <object_component_ref idref="oc-27"/>
      </symbol>
      <symbol id="sm-317">
         <name>abort</name>
         <value>0x3987</value>
         <object_component_ref idref="oc-bc"/>
      </symbol>
      <symbol id="sm-321">
         <name>HOSTexit</name>
         <value>0x398d</value>
         <object_component_ref idref="oc-10e"/>
      </symbol>
      <symbol id="sm-322">
         <name>C$$EXIT</name>
         <value>0x398c</value>
         <object_component_ref idref="oc-10e"/>
      </symbol>
      <symbol id="sm-328">
         <name>__aeabi_memcpy</name>
         <value>0x3769</value>
         <object_component_ref idref="oc-5f"/>
      </symbol>
      <symbol id="sm-329">
         <name>__aeabi_memcpy4</name>
         <value>0x3769</value>
         <object_component_ref idref="oc-5f"/>
      </symbol>
      <symbol id="sm-32a">
         <name>__aeabi_memcpy8</name>
         <value>0x3769</value>
         <object_component_ref idref="oc-5f"/>
      </symbol>
      <symbol id="sm-333">
         <name>__aeabi_memset</name>
         <value>0x3951</value>
         <object_component_ref idref="oc-19b"/>
      </symbol>
      <symbol id="sm-334">
         <name>__aeabi_memset4</name>
         <value>0x3951</value>
         <object_component_ref idref="oc-19b"/>
      </symbol>
      <symbol id="sm-335">
         <name>__aeabi_memset8</name>
         <value>0x3951</value>
         <object_component_ref idref="oc-19b"/>
      </symbol>
      <symbol id="sm-336">
         <name>__aeabi_memclr</name>
         <value>0x3795</value>
         <object_component_ref idref="oc-82"/>
      </symbol>
      <symbol id="sm-337">
         <name>__aeabi_memclr4</name>
         <value>0x3795</value>
         <object_component_ref idref="oc-82"/>
      </symbol>
      <symbol id="sm-338">
         <name>__aeabi_memclr8</name>
         <value>0x3795</value>
         <object_component_ref idref="oc-82"/>
      </symbol>
      <symbol id="sm-33e">
         <name>__aeabi_uidiv</name>
         <value>0x320d</value>
         <object_component_ref idref="oc-134"/>
      </symbol>
      <symbol id="sm-33f">
         <name>__aeabi_uidivmod</name>
         <value>0x320d</value>
         <object_component_ref idref="oc-134"/>
      </symbol>
      <symbol id="sm-349">
         <name>__aeabi_idiv0</name>
         <value>0x1e63</value>
         <object_component_ref idref="oc-16a"/>
      </symbol>
      <symbol id="sm-362">
         <name>memcpy</name>
         <value>0x2059</value>
         <object_component_ref idref="oc-a2"/>
      </symbol>
      <symbol id="sm-371">
         <name>memset</name>
         <value>0x2bc9</value>
         <object_component_ref idref="oc-db"/>
      </symbol>
      <symbol id="sm-372">
         <name>__TI_static_base__</name>
         <value>0x0</value>
      </symbol>
      <symbol id="sm-375">
         <name>__mpu_init</name>
         <value>0x0</value>
      </symbol>
      <symbol id="sm-376">
         <name>_system_post_cinit</name>
         <value>0x0</value>
      </symbol>
   </symbol_table>
   <title>Link successful</title>
</link_info>
