******************************************************************************
            TI ARM Clang Linker PC v4.0.4                      
******************************************************************************
>> Linked Wed Jul  8 10:33:11 2026

OUTPUT FILE NAME:   <target.out>
ENTRY POINT SYMBOL: "_c_int00_noargs"  address: 0000371d


MEMORY CONFIGURATION

         name            origin    length      used     unused   attr    fill
----------------------  --------  ---------  --------  --------  ----  --------
  FLASH                 00000000   00020000  00003a18  0001c5e8  R  X
  SRAM                  20200000   00008000  000015ac  00006a54  RW X
  BCR_CONFIG            41c00000   000000ff  00000000  000000ff  R   
  BSL_CONFIG            41c00100   00000080  00000000  00000080  R   


SEGMENT ALLOCATION MAP

run origin  load origin   length   init length attrs members
----------  ----------- ---------- ----------- ----- -------
00000000    00000000    00003a18   00003a18    r-x
  00000000    00000000    000000c0   000000c0    r-- .intvecs
  000000c0    000000c0    000038e0   000038e0    r-x .text
  000039a0    000039a0    00000038   00000038    r-- .rodata
  000039d8    000039d8    00000040   00000040    r-- .cinit
20200000    20200000    000013ac   00000000    rw-
  20200000    20200000    00001338   00000000    rw- .bss
  20201338    20201338    00000074   00000000    rw- .data
20207e00    20207e00    00000200   00000000    rw-
  20207e00    20207e00    00000200   00000000    rw- .stack


SECTION ALLOCATION MAP

 output                                  attributes/
section   page    origin      length       input sections
--------  ----  ----------  ----------   ----------------
.intvecs   0    00000000    000000c0     
                  00000000    000000c0     startup_mspm0g350x_ticlang.o (.intvecs)

.text      0    000000c0    000038e0     
                  000000c0    00000294     freertos_builds_LP_MSPM0G3507_release_ticlang.lib : heap_4.o (.text.pvPortMalloc)
                  00000354    00000210                                                       : tasks.o (.text.xTaskIncrementTick)
                  00000564    000001f8                                                       : tasks.o (.text.xTaskResumeAll)
                  0000075c    000001d2                                                       : queue.o (.text.xQueueGenericSend)
                  0000092e    000001a4                                                       : queue.o (.text.xQueueReceive)
                  00000ad2    00000002     startup_mspm0g350x_ticlang.o (.text.Default_Handler)
                  00000ad4    000001a0     freertos_builds_LP_MSPM0G3507_release_ticlang.lib : port.o (.text.vPortSuppressTicksAndSleep)
                  00000c74    00000190                                                       : tasks.o (.text.xTaskRemoveFromEventList)
                  00000e04    0000015c                                                       : timers.o (.text.prvProcessReceivedCommands)
                  00000f60    0000014c                                                       : pthread.o (.text.pthread_create)
                  000010ac    00000128                                                       : tasks.o (.text.prvAddNewTaskToReadyList)
                  000011d4    00000124                                                       : tasks.o (.text.vTaskSuspend)
                  000012f8    0000011c                                                       : tasks.o (.text.vTaskDelete)
                  00001414    00000114                                                       : port.o (.text.pxPortInitialiseStack)
                  00001528    0000010c                                                       : heap_4.o (.text.prvInsertBlockIntoFreeList)
                  00001634    0000010c                                                       : tasks.o (.text.vTaskSwitchContext)
                  00001740    00000108                                                       : tasks.o (.text.xTaskPriorityDisinherit)
                  00001848    00000104                                                       : tasks.o (.text.prvInitialiseNewTask)
                  0000194c    000000f8                                                       : heap_4.o (.text.vPortFree)
                  00001a44    000000e4                                                       : tasks.o (.text.prvAddCurrentTaskToDelayedList)
                  00001b28    000000e4                                                       : queue.o (.text.xQueueGenericReset)
                  00001c0c    000000d4                                                       : queue.o (.text.prvCopyDataToQueue)
                  00001ce0    000000cc                                                       : tasks.o (.text.prvCreateIdleTasks)
                  00001dac    000000b6                                                       : queue.o (.text.prvUnlockQueue)
                  00001e62    00000002     libclang_rt.builtins.a : aeabi_div0.c.obj (.text.__aeabi_idiv0)
                  00001e64    000000b4     freertos_builds_LP_MSPM0G3507_release_ticlang.lib : tasks.o (.text.xTaskCheckForTimeOut)
                  00001f18    000000a0                                                       : heap_4.o (.text.prvHeapInit)
                  00001fb8    000000a0                                                       : queue.o (.text.xQueueGenericCreateStatic)
                  00002058    0000009a     libc.a : memcpy16.S.obj (.text:memcpy)
                  000020f2    00000098     freertos_builds_LP_MSPM0G3507_release_ticlang.lib : tasks.o (.text.prvCreateStaticTask)
                  0000218a    00000094                                                       : queue.o (.text.xQueueGenericCreate)
                  0000221e    00000002     main.o (.text.vApplicationStackOverflowHook)
                  00002220    0000008c     freertos_builds_LP_MSPM0G3507_release_ticlang.lib : timers.o (.text.prvProcessTimerOrBlockTask)
                  000022ac    0000008c                                                       : pthread.o (.text.removeThreadKeys)
                  00002338    00000084     ti_msp_dl_config.o (.text.SYSCFG_DL_UART_0_init)
                  000023bc    00000084     ti_msp_dl_config.o (.text.SYSCFG_DL_UART_1_init)
                  00002440    00000084     ti_msp_dl_config.o (.text.SYSCFG_DL_UART_3_init)
                  000024c4    00000084     freertos_builds_LP_MSPM0G3507_release_ticlang.lib : tasks.o (.text.prvCreateTask)
                  00002548    00000084                                                       : timers.o (.text.prvInsertTimerInActiveList)
                  000025cc    00000084                                                       : tasks.o (.text.vTaskStepTick)
                  00002650    00000080                                                       : port.o (.text.xPortStartScheduler)
                  000026d0    0000007c                                                       : tasks.o (.text.eTaskConfirmSleepModeStatus)
                  0000274c    0000007c                                                       : tasks.o (.text.prvInitialiseTaskLists)
                  000027c8    0000007c                                                       : timers.o (.text.xTimerCreateTimerTask)
                  00002844    0000007c     libc.a : copy_decompress_lzss.c.obj (.text:decompress:lzss)
                  000028c0    00000078     freertos_builds_LP_MSPM0G3507_release_ticlang.lib : tasks.o (.text.prvGetExpectedIdleTime)
                  00002938    00000074                                                       : tasks.o (.text.vTaskPlaceOnEventListRestricted)
                  000029ac    0000006e                                                       : pthread.o (.text.pthread_exit)
                  00002a1a    00000002     --HOLE-- [fill = 0]
                  00002a1c    0000006c                                                       : timers.o (.text.prvCheckForValidListAndQueue)
                  00002a88    0000006c                                                       : list.o (.text.vListInsert)
                  00002af4    0000006a                                                       : queue.o (.text.vQueueWaitForMessageRestricted)
                  00002b5e    00000002     --HOLE-- [fill = 0]
                  00002b60    00000068                                                       : tasks.o (.text.vTaskStartScheduler)
                  00002bc8    00000062     libc.a : memset16.S.obj (.text:memset)
                  00002c2a    00000002     --HOLE-- [fill = 0]
                  00002c2c    00000060     freertos_builds_LP_MSPM0G3507_release_ticlang.lib : tasks.o (.text.pvTaskGetThreadLocalStoragePointer)
                  00002c8c    0000005c     main-posix.o (.text.Thread)
                  00002ce8    0000005c     freertos_builds_LP_MSPM0G3507_release_ticlang.lib : tasks.o (.text.prvIdleTask)
                  00002d44    0000005a                                                       : pthread.o (.text.pthread_setcancelstate)
                  00002d9e    00000002     --HOLE-- [fill = 0]
                  00002da0    00000058     main.o (.text.main)
                  00002df8    00000054     freertos_builds_LP_MSPM0G3507_release_ticlang.lib : port.o (.text.vPortSetupTimerInterrupt)
                  00002e4c    00000050                                                       : tasks.o (.text.prvCheckTasksWaitingTermination)
                  00002e9c    00000050                                                       : tasks.o (.text.prvDeleteTCB)
                  00002eec    00000050                                                       : timers.o (.text.prvProcessExpiredTimer)
                  00002f3c    0000004c                                                       : tasks.o (.text.xTaskCreateStatic)
                  00002f88    00000048     driverlib.a : dl_uart.o (.text.DL_UART_init)
                  00002fd0    00000048     ti_msp_dl_config.o (.text.SYSCFG_DL_initPower)
                  00003018    00000048     freertos_builds_LP_MSPM0G3507_release_ticlang.lib : list.o (.text.uxListRemove)
                  00003060    00000048                                                       : tasks.o (.text.xTaskCreate)
                  000030a8    00000048                                                       : tasks.o (.text.xTaskGetApplicationTaskTag)
                  000030f0    00000046                                                       : queue.o (.text.prvInitialiseNewQueue)
                  00003136    0000000a     driverlib.a : dl_common.o (.text.DL_Common_delayCycles)
                  00003140    00000044     freertos_builds_LP_MSPM0G3507_release_ticlang.lib : portasm.o (.text.PendSV_Handler)
                  00003184    00000044                                                       : queue.o (.text.prvCopyDataFromQueue)
                  000031c8    00000044                                                       : timers.o (.text.prvSwitchTimerLists)
                  0000320c    00000040     libclang_rt.builtins.a : aeabi_uidivmod.S.obj (.text.__aeabi_uidivmod)
                  0000324c    0000003c     freertos_builds_LP_MSPM0G3507_release_ticlang.lib : timers.o (.text.prvSampleTimeNow)
                  00003288    0000003c     libc.a : autoinit.c.obj (.text:__TI_auto_init_nobinit_nopinit)
                  000032c4    0000003a     freertos_builds_LP_MSPM0G3507_release_ticlang.lib : list.o (.text.vListInsertEnd)
                  000032fe    00000002     --HOLE-- [fill = 0]
                  00003300    00000038                                                       : timers.o (.text.prvGetNextExpireTime)
                  00003338    00000038                                                       : tasks.o (.text.xTaskGetSchedulerState)
                  00003370    00000036                                                       : timers.o (.text.prvReloadTimer)
                  000033a6    00000034                                                       : pthread.o (.text.pthread_attr_setschedparam)
                  000033da    00000002     --HOLE-- [fill = 0]
                  000033dc    00000034                                                       : tasks.o (.text.vTaskPlaceOnEventList)
                  00003410    00000034                                                       : tasks.o (.text.vTaskSetApplicationTaskTag)
                  00003444    00000032                                                       : queue.o (.text.vQueueDelete)
                  00003476    00000002     --HOLE-- [fill = 0]
                  00003478    00000030     driverlib.a : dl_uart.o (.text.DL_UART_transmitDataBlocking)
                  000034a8    00000030     ti_msp_dl_config.o (.text.SYSCFG_DL_GPIO_init)
                  000034d8    00000030     freertos_builds_LP_MSPM0G3507_release_ticlang.lib : port.o (.text.SysTick_Handler)
                  00003508    00000030                                                       : tasks.o (.text.prvResetNextTaskUnblockTime)
                  00003538    00000030                                                       : port.o (.text.prvTaskExitError)
                  00003568    0000002e                                                       : queue.o (.text.prvIsQueueFull)
                  00003596    0000002e                                                       : pthread.o (.text.pthread_attr_setdetachstate)
                  000035c4    0000002e                                                       : port.o (.text.vPortSVCHandler_C)
                  000035f2    0000002c                                                       : pthread.o (.text._pthread_cleanup_pop)
                  0000361e    0000002c                                                       : list.o (.text.vListInitialise)
                  0000364a    00000002     --HOLE-- [fill = 0]
                  0000364c    0000002c                                                       : port.o (.text.vPortExitCritical)
                  00003678    0000002a                                                       : queue.o (.text.prvIsQueueEmpty)
                  000036a2    00000002     --HOLE-- [fill = 0]
                  000036a4    00000028     ti_msp_dl_config.o (.text.SYSCFG_DL_init)
                  000036cc    00000028     freertos_builds_LP_MSPM0G3507_release_ticlang.lib : StaticAllocs_freertos.o (.text.vApplicationGetIdleTaskMemory)
                  000036f4    00000028                                                       : StaticAllocs_freertos.o (.text.vApplicationGetTimerTaskMemory)
                  0000371c    00000028     libc.a : boot_cortex_m.c.obj (.text:_c_int00_noargs)
                  00003744    00000024     freertos_builds_LP_MSPM0G3507_release_ticlang.lib : PTLS.o (.text.PTLS_taskDeleteHook)
                  00003768    00000008     libclang_rt.builtins.a : aeabi_memcpy.S.obj (.text.__aeabi_memcpy)
                  00003770    00000024     freertos_builds_LP_MSPM0G3507_release_ticlang.lib : portasm.o (.text.SVC_Handler)
                  00003794    0000000c     libclang_rt.builtins.a : aeabi_memset.S.obj (.text.__aeabi_memclr)
                  000037a0    00000024     freertos_builds_LP_MSPM0G3507_release_ticlang.lib : portasm.o (.text.vRestoreContextOfFirstTask)
                  000037c4    00000020     driverlib.a : dl_uart.o (.text.DL_UART_receiveDataBlocking)
                  000037e4    00000020     freertos_builds_LP_MSPM0G3507_release_ticlang.lib : tasks.o (.text.vTaskInternalSetTimeOutState)
                  00003804    0000001e                                                       : pthread.o (.text._pthread_runStub)
                  00003822    0000001e                                                       : timers.o (.text.prvTimerTask)
                  00003840    0000001c     ti_msp_dl_config.o (.text.SYSCFG_DL_SYSCTL_init)
                  0000385c    0000001c     freertos_builds_LP_MSPM0G3507_release_ticlang.lib : pthread.o (.text.pthread_attr_init)
                  00003878    00000018                                                       : pthread.o (.text.pthread_self)
                  00003890    00000018                                                       : port.o (.text.vPortEnterCritical)
                  000038a8    00000018                                                       : port.o (.text.vPortYield)
                  000038c0    00000014                                                       : tasks.o (.text.xTaskGetCurrentTaskHandle)
                  000038d4    00000014                                                       : tasks.o (.text.xTaskGetTickCount)
                  000038e8    00000012     driverlib.a : dl_uart.o (.text.DL_UART_setClockConfig)
                  000038fa    00000012     freertos_builds_LP_MSPM0G3507_release_ticlang.lib : pthread.o (.text.pthread_attr_setstacksize)
                  0000390c    00000012     libc.a : copy_decompress_none.c.obj (.text:decompress:none)
                  0000391e    00000002     --HOLE-- [fill = 0]
                  00003920    00000010     freertos_builds_LP_MSPM0G3507_release_ticlang.lib : portasm.o (.text.vStartFirstTask)
                  00003930    00000010                                                       : tasks.o (.text.vTaskSuspendAll)
                  00003940    00000010     libc.a : copy_zero_init.c.obj (.text:decompress:ZI)
                  00003950    0000000e     libclang_rt.builtins.a : aeabi_memset.S.obj (.text.__aeabi_memset)
                  0000395e    0000000e     freertos_builds_LP_MSPM0G3507_release_ticlang.lib : list.o (.text.vListInitialiseItem)
                  0000396c    0000000c                                                       : tasks.o (.text.vTaskMissedYield)
                  00003978    00000008                                                       : portasm.o (.text.ulSetInterruptMask)
                  00003980    00000006                                                       : portasm.o (.text.vClearInterruptMask)
                  00003986    00000006     libc.a : exit.c.obj (.text:abort)
                  0000398c    00000004     libsysbm.a : hostexit.c.obj (.text.HOSTexit)
                  00003990    00000004     startup_mspm0g350x_ticlang.o (.text.Reset_Handler)
                  00003994    00000004     libc.a : pre_init.c.obj (.text._system_pre_init)
                  00003998    00000008     --HOLE-- [fill = 0]

.cinit     0    000039d8    00000040     
                  000039d8    00000017     (.cinit..data.load) [load image, compression = lzss]
                  000039ef    00000001     --HOLE-- [fill = 0]
                  000039f0    0000000c     (__TI_handler_table)
                  000039fc    00000008     (.cinit..bss.load) [load image, compression = zero_init]
                  00003a04    00000010     (__TI_cinit_table)
                  00003a14    00000004     --HOLE-- [fill = 0]

.rodata    0    000039a0    00000038     
                  000039a0    0000000a     ti_msp_dl_config.o (.rodata.gUART_0Config)
                  000039aa    0000000a     ti_msp_dl_config.o (.rodata.gUART_1Config)
                  000039b4    0000000a     ti_msp_dl_config.o (.rodata.gUART_3Config)
                  000039be    00000008     freertos_builds_LP_MSPM0G3507_release_ticlang.lib : timers.o (.rodata.str1.6031452896567546882.1)
                  000039c6    00000005                                                       : tasks.o (.rodata.str1.13344916649340266805.1)
                  000039cb    00000001     --HOLE-- [fill = 0]
                  000039cc    00000004                                                       : tasks.o (.rodata.uxTopUsedPriority)
                  000039d0    00000002     ti_msp_dl_config.o (.rodata.gUART_0ClockConfig)
                  000039d2    00000002     ti_msp_dl_config.o (.rodata.gUART_1ClockConfig)
                  000039d4    00000002     ti_msp_dl_config.o (.rodata.gUART_3ClockConfig)
                  000039d6    00000002     freertos_builds_LP_MSPM0G3507_release_ticlang.lib : pthread.o (.rodata.str1.301604644627550129.1)

.init_array 
*          0    00000000    00000000     UNINITIALIZED

.binit     0    00000000    00000000     

.bss       0    20200000    00001338     UNINITIALIZED
                  20200000    00000c00     freertos_builds_LP_MSPM0G3507_release_ticlang.lib : heap_4.o (.bss.ucHeap)
                  20200c00    00000200                                                       : StaticAllocs_freertos.o (.bss.vApplicationGetIdleTaskMemory.uxIdleTaskStack)
                  20200e00    00000200                                                       : StaticAllocs_freertos.o (.bss.vApplicationGetTimerTaskMemory.uxTimerTaskStack)
                  20201000    000000c8                                                       : tasks.o (.bss.pxReadyTasksLists)
                  202010c8    00000078                                                       : timers.o (.bss.prvCheckForValidListAndQueue.ucStaticTimerQueueStorage)
                  20201140    00000068                                                       : StaticAllocs_freertos.o (.bss.vApplicationGetIdleTaskMemory.xIdleTaskTCB)
                  202011a8    00000068                                                       : StaticAllocs_freertos.o (.bss.vApplicationGetTimerTaskMemory.xTimerTaskTCB)
                  20201210    00000050                                                       : timers.o (.bss.prvCheckForValidListAndQueue.xStaticTimerQueue)
                  20201260    00000030     (.common:gUART_3Backup)
                  20201290    00000014                                                       : timers.o (.bss.xActiveTimerList1)
                  202012a4    00000014                                                       : timers.o (.bss.xActiveTimerList2)
                  202012b8    00000014                                                       : tasks.o (.bss.xDelayedTaskList1)
                  202012cc    00000014                                                       : tasks.o (.bss.xDelayedTaskList2)
                  202012e0    00000014                                                       : tasks.o (.bss.xPendingReadyList)
                  202012f4    00000014                                                       : tasks.o (.bss.xSuspendedTaskList)
                  20201308    00000014                                                       : tasks.o (.bss.xTasksWaitingTermination)
                  2020131c    00000008                                                       : heap_4.o (.bss.xStart)
                  20201324    00000004                                                       : timers.o (.bss.pxCurrentTimerList)
                  20201328    00000004                                                       : tasks.o (.bss.pxDelayedTaskList)
                  2020132c    00000004                                                       : tasks.o (.bss.pxOverflowDelayedTaskList)
                  20201330    00000004                                                       : timers.o (.bss.pxOverflowTimerList)
                  20201334    00000004                                                       : tasks.o (.bss.xIdleTaskHandles)

.data      0    20201338    00000074     UNINITIALIZED
                  20201338    00000014     freertos_builds_LP_MSPM0G3507_release_ticlang.lib : pthread.o (.data.defaultPthreadAttrs)
                  2020134c    00000004                                                       : timers.o (.data.prvSampleTimeNow.xLastTime)
                  20201350    00000004                                                       : tasks.o (.data.pxCurrentTCB)
                  20201354    00000004                                                       : heap_4.o (.data.pxEnd)
                  20201358    00000004                                                       : port.o (.data.ulCriticalNesting)
                  2020135c    00000004                                                       : port.o (.data.ulStoppedTimerCompensation)
                  20201360    00000004                                                       : port.o (.data.ulTimerCountsForOneTick)
                  20201364    00000004                                                       : tasks.o (.data.uxCurrentNumberOfTasks)
                  20201368    00000004                                                       : tasks.o (.data.uxDeletedTasksWaitingCleanUp)
                  2020136c    00000004                                                       : tasks.o (.data.uxSchedulerSuspended)
                  20201370    00000004                                                       : tasks.o (.data.uxTaskNumber)
                  20201374    00000004                                                       : tasks.o (.data.uxTopReadyPriority)
                  20201378    00000004                                                       : heap_4.o (.data.xFreeBytesRemaining)
                  2020137c    00000004                                                       : port.o (.data.xMaximumPossibleSuppressedTicks)
                  20201380    00000004                                                       : heap_4.o (.data.xMinimumEverFreeBytesRemaining)
                  20201384    00000004                                                       : tasks.o (.data.xNextTaskUnblockTime)
                  20201388    00000004                                                       : tasks.o (.data.xNumOfOverflows)
                  2020138c    00000004                                                       : heap_4.o (.data.xNumberOfSuccessfulAllocations)
                  20201390    00000004                                                       : heap_4.o (.data.xNumberOfSuccessfulFrees)
                  20201394    00000004                                                       : tasks.o (.data.xPendedTicks)
                  20201398    00000004                                                       : tasks.o (.data.xSchedulerRunning)
                  2020139c    00000004                                                       : tasks.o (.data.xTickCount)
                  202013a0    00000004                                                       : timers.o (.data.xTimerQueue)
                  202013a4    00000004                                                       : timers.o (.data.xTimerTaskHandle)
                  202013a8    00000004                                                       : tasks.o (.data.xYieldPendings)

.stack     0    20207e00    00000200     UNINITIALIZED
                  20207e00    00000004     libc.a : boot_cortex_m.c.obj (.stack)
                  20207e04    000001fc     --HOLE--

__llvm_prf_cnts 
*          0    20200000    00000000     UNINITIALIZED

__llvm_prf_bits 
*          0    20200000    00000000     UNINITIALIZED

MODULE SUMMARY

       Module                         code    ro data   rw data
       ------                         ----    -------   -------
    .\
       ti_msp_dl_config.o             584     36        48     
       main-posix.o                   92      0         0      
       main.o                         90      0         0      
    +--+------------------------------+-------+---------+---------+
       Total:                         766     36        48     
                                                               
    .\freertos\ticlang\
       startup_mspm0g350x_ticlang.o   6       192       0      
    +--+------------------------------+-------+---------+---------+
       Total:                         6       192       0      
                                                               
    D:/K230/Program/Target-mspm0/freertos_builds_LP_MSPM0G3507_release_ticlang/Debug/freertos_builds_LP_MSPM0G3507_release_ticlang.lib
       tasks.o                        5588    9         360    
       heap_4.o                       1336    0         3100   
       queue.o                        2198    0         0      
       timers.o                       1200    8         260    
       StaticAllocs_freertos.o        80      0         1232   
       port.o                         1138    0         16     
       pthread.o                      914     2         20     
       list.o                         296     0         0      
       portasm.o                      170     0         0      
       PTLS.o                         36      0         0      
    +--+------------------------------+-------+---------+---------+
       Total:                         12956   19        4988   
                                                               
    D:/TI/CCS/mspm0_sdk_2_10_00_04/source/ti/driverlib/lib/ticlang/m0p/mspm0g1x0x_g3x0x/driverlib.a
       dl_uart.o                      170     0         0      
       dl_common.o                    10      0         0      
    +--+------------------------------+-------+---------+---------+
       Total:                         180     0         0      
                                                               
    D:\TI\CCS\ccs\tools\compiler\ti-cgt-armllvm_4.0.4.LTS\lib\armv6m-ti-none-eabi/c/libc.a
       memcpy16.S.obj                 154     0         0      
       copy_decompress_lzss.c.obj     124     0         0      
       memset16.S.obj                 98      0         0      
       autoinit.c.obj                 60      0         0      
       boot_cortex_m.c.obj            40      0         0      
       copy_decompress_none.c.obj     18      0         0      
       copy_zero_init.c.obj           16      0         0      
       exit.c.obj                     6       0         0      
       pre_init.c.obj                 4       0         0      
    +--+------------------------------+-------+---------+---------+
       Total:                         520     0         0      
                                                               
    D:\TI\CCS\ccs\tools\compiler\ti-cgt-armllvm_4.0.4.LTS\lib\armv6m-ti-none-eabi/c/libsysbm.a
       hostexit.c.obj                 4       0         0      
    +--+------------------------------+-------+---------+---------+
       Total:                         4       0         0      
                                                               
    D:\TI\CCS\ccs\tools\compiler\ti-cgt-armllvm_4.0.4.LTS\lib\armv6m-ti-none-eabi/libclang_rt.builtins.a
       aeabi_uidivmod.S.obj           64      0         0      
       aeabi_memset.S.obj             26      0         0      
       aeabi_memcpy.S.obj             8       0         0      
       aeabi_div0.c.obj               2       0         0      
    +--+------------------------------+-------+---------+---------+
       Total:                         100     0         0      
                                                               
       Stack:                         0       0         512    
       Linker Generated:              0       59        0      
    +--+------------------------------+-------+---------+---------+
       Grand Total:                   14532   306       5548   


LINKER GENERATED COPY TABLES

__TI_cinit_table @ 00003a04 records: 2, size/record: 8, table size: 16
	.data: load addr=000039d8, load size=00000017 bytes, run addr=20201338, run size=00000074 bytes, compression=lzss
	.bss: load addr=000039fc, load size=00000008 bytes, run addr=20200000, run size=00001338 bytes, compression=zero_init


LINKER GENERATED HANDLER TABLE

__TI_handler_table @ 000039f0 records: 3, size/record: 4, table size: 12
	index: 0, handler: __TI_decompress_lzss
	index: 1, handler: __TI_decompress_none
	index: 2, handler: __TI_zero_init


GLOBAL SYMBOLS: SORTED ALPHABETICALLY BY Name 

address   name                              
-------   ----                              
00000ad3  ADC0_IRQHandler                   
00000ad3  ADC1_IRQHandler                   
00000ad3  AES_IRQHandler                    
0000398c  C$$EXIT                           
00000ad3  CANFD0_IRQHandler                 
00000ad3  DAC0_IRQHandler                   
00003137  DL_Common_delayCycles             
00002f89  DL_UART_init                      
000037c5  DL_UART_receiveDataBlocking       
000038e9  DL_UART_setClockConfig            
00003479  DL_UART_transmitDataBlocking      
00000ad3  DMA_IRQHandler                    
00000ad3  Default_Handler                   
00000ad3  GROUP0_IRQHandler                 
00000ad3  GROUP1_IRQHandler                 
0000398d  HOSTexit                          
00000ad3  HardFault_Handler                 
00000ad3  I2C0_IRQHandler                   
00000ad3  I2C1_IRQHandler                   
00000ad3  NMI_Handler                       
00003745  PTLS_taskDeleteHook               
00003141  PendSV_Handler                    
00000ad3  RTC_IRQHandler                    
00003991  Reset_Handler                     
00000ad3  SPI0_IRQHandler                   
00000ad3  SPI1_IRQHandler                   
00003771  SVC_Handler                       
000034a9  SYSCFG_DL_GPIO_init               
00003841  SYSCFG_DL_SYSCTL_init             
00002339  SYSCFG_DL_UART_0_init             
000023bd  SYSCFG_DL_UART_1_init             
00002441  SYSCFG_DL_UART_3_init             
000036a5  SYSCFG_DL_init                    
00002fd1  SYSCFG_DL_initPower               
000034d9  SysTick_Handler                   
00000ad3  TIMA0_IRQHandler                  
00000ad3  TIMA1_IRQHandler                  
00000ad3  TIMG0_IRQHandler                  
00000ad3  TIMG12_IRQHandler                 
00000ad3  TIMG6_IRQHandler                  
00000ad3  TIMG7_IRQHandler                  
00000ad3  TIMG8_IRQHandler                  
00002c8d  Thread                            
00000ad3  UART0_IRQHandler                  
00000ad3  UART1_IRQHandler                  
00000ad3  UART2_IRQHandler                  
00000ad3  UART3_IRQHandler                  
20208000  __STACK_END                       
00000200  __STACK_SIZE                      
00000000  __TI_ATRegion0_region_sz          
00000000  __TI_ATRegion0_src_addr           
00000000  __TI_ATRegion0_trg_addr           
00000000  __TI_ATRegion1_region_sz          
00000000  __TI_ATRegion1_src_addr           
00000000  __TI_ATRegion1_trg_addr           
00000000  __TI_ATRegion2_region_sz          
00000000  __TI_ATRegion2_src_addr           
00000000  __TI_ATRegion2_trg_addr           
00003a04  __TI_CINIT_Base                   
00003a14  __TI_CINIT_Limit                  
00003a14  __TI_CINIT_Warm                   
000039f0  __TI_Handler_Table_Base           
000039fc  __TI_Handler_Table_Limit          
00003289  __TI_auto_init_nobinit_nopinit    
00002845  __TI_decompress_lzss              
0000390d  __TI_decompress_none              
ffffffff  __TI_pprof_out_hndl               
ffffffff  __TI_prof_data_size               
ffffffff  __TI_prof_data_start              
00000000  __TI_static_base__                
00003941  __TI_zero_init                    
00001e63  __aeabi_idiv0                     
00003795  __aeabi_memclr                    
00003795  __aeabi_memclr4                   
00003795  __aeabi_memclr8                   
00003769  __aeabi_memcpy                    
00003769  __aeabi_memcpy4                   
00003769  __aeabi_memcpy8                   
00003951  __aeabi_memset                    
00003951  __aeabi_memset4                   
00003951  __aeabi_memset8                   
0000320d  __aeabi_uidiv                     
0000320d  __aeabi_uidivmod                  
ffffffff  __binit__                         
UNDEFED   __mpu_init                        
20207e00  __stack                           
20200000  __start___llvm_prf_bits           
20200000  __start___llvm_prf_cnts           
20200000  __stop___llvm_prf_bits            
20200000  __stop___llvm_prf_cnts            
0000371d  _c_int00_noargs                   
000035f3  _pthread_cleanup_pop              
UNDEFED   _system_post_cinit                
00003995  _system_pre_init                  
00003987  abort                             
ffffffff  binit                             
000026d1  eTaskConfirmSleepModeStatus       
20201260  gUART_3Backup                     
00000000  interruptVectors                  
00002da1  main                              
00002059  memcpy                            
00002bc9  memset                            
0000385d  pthread_attr_init                 
00003597  pthread_attr_setdetachstate       
000033a7  pthread_attr_setschedparam        
000038fb  pthread_attr_setstacksize         
00000f61  pthread_create                    
000029ad  pthread_exit                      
00003879  pthread_self                      
00002d45  pthread_setcancelstate            
000000c1  pvPortMalloc                      
00002c2d  pvTaskGetThreadLocalStoragePointer
20201350  pxCurrentTCB                      
00001415  pxPortInitialiseStack             
00003979  ulSetInterruptMask                
00003019  uxListRemove                      
000036cd  vApplicationGetIdleTaskMemory     
000036f5  vApplicationGetTimerTaskMemory    
0000221f  vApplicationStackOverflowHook     
00003981  vClearInterruptMask               
0000361f  vListInitialise                   
0000395f  vListInitialiseItem               
00002a89  vListInsert                       
000032c5  vListInsertEnd                    
00003891  vPortEnterCritical                
0000364d  vPortExitCritical                 
0000194d  vPortFree                         
000035c5  vPortSVCHandler_C                 
00002df9  vPortSetupTimerInterrupt          
00000ad5  vPortSuppressTicksAndSleep        
000038a9  vPortYield                        
00003445  vQueueDelete                      
00002af5  vQueueWaitForMessageRestricted    
000037a1  vRestoreContextOfFirstTask        
00003921  vStartFirstTask                   
000012f9  vTaskDelete                       
000037e5  vTaskInternalSetTimeOutState      
0000396d  vTaskMissedYield                  
000033dd  vTaskPlaceOnEventList             
00002939  vTaskPlaceOnEventListRestricted   
00003411  vTaskSetApplicationTaskTag        
00002b61  vTaskStartScheduler               
000025cd  vTaskStepTick                     
000011d5  vTaskSuspend                      
00003931  vTaskSuspendAll                   
00001635  vTaskSwitchContext                
00002651  xPortStartScheduler               
0000218b  xQueueGenericCreate               
00001fb9  xQueueGenericCreateStatic         
00001b29  xQueueGenericReset                
0000075d  xQueueGenericSend                 
0000092f  xQueueReceive                     
00001e65  xTaskCheckForTimeOut              
00003061  xTaskCreate                       
00002f3d  xTaskCreateStatic                 
000030a9  xTaskGetApplicationTaskTag        
000038c1  xTaskGetCurrentTaskHandle         
00003339  xTaskGetSchedulerState            
000038d5  xTaskGetTickCount                 
00000355  xTaskIncrementTick                
00001741  xTaskPriorityDisinherit           
00000c75  xTaskRemoveFromEventList          
00000565  xTaskResumeAll                    
000027c9  xTimerCreateTimerTask             


GLOBAL SYMBOLS: SORTED BY Symbol Address 

address   name                              
-------   ----                              
00000000  __TI_ATRegion0_region_sz          
00000000  __TI_ATRegion0_src_addr           
00000000  __TI_ATRegion0_trg_addr           
00000000  __TI_ATRegion1_region_sz          
00000000  __TI_ATRegion1_src_addr           
00000000  __TI_ATRegion1_trg_addr           
00000000  __TI_ATRegion2_region_sz          
00000000  __TI_ATRegion2_src_addr           
00000000  __TI_ATRegion2_trg_addr           
00000000  __TI_static_base__                
00000000  interruptVectors                  
000000c1  pvPortMalloc                      
00000200  __STACK_SIZE                      
00000355  xTaskIncrementTick                
00000565  xTaskResumeAll                    
0000075d  xQueueGenericSend                 
0000092f  xQueueReceive                     
00000ad3  ADC0_IRQHandler                   
00000ad3  ADC1_IRQHandler                   
00000ad3  AES_IRQHandler                    
00000ad3  CANFD0_IRQHandler                 
00000ad3  DAC0_IRQHandler                   
00000ad3  DMA_IRQHandler                    
00000ad3  Default_Handler                   
00000ad3  GROUP0_IRQHandler                 
00000ad3  GROUP1_IRQHandler                 
00000ad3  HardFault_Handler                 
00000ad3  I2C0_IRQHandler                   
00000ad3  I2C1_IRQHandler                   
00000ad3  NMI_Handler                       
00000ad3  RTC_IRQHandler                    
00000ad3  SPI0_IRQHandler                   
00000ad3  SPI1_IRQHandler                   
00000ad3  TIMA0_IRQHandler                  
00000ad3  TIMA1_IRQHandler                  
00000ad3  TIMG0_IRQHandler                  
00000ad3  TIMG12_IRQHandler                 
00000ad3  TIMG6_IRQHandler                  
00000ad3  TIMG7_IRQHandler                  
00000ad3  TIMG8_IRQHandler                  
00000ad3  UART0_IRQHandler                  
00000ad3  UART1_IRQHandler                  
00000ad3  UART2_IRQHandler                  
00000ad3  UART3_IRQHandler                  
00000ad5  vPortSuppressTicksAndSleep        
00000c75  xTaskRemoveFromEventList          
00000f61  pthread_create                    
000011d5  vTaskSuspend                      
000012f9  vTaskDelete                       
00001415  pxPortInitialiseStack             
00001635  vTaskSwitchContext                
00001741  xTaskPriorityDisinherit           
0000194d  vPortFree                         
00001b29  xQueueGenericReset                
00001e63  __aeabi_idiv0                     
00001e65  xTaskCheckForTimeOut              
00001fb9  xQueueGenericCreateStatic         
00002059  memcpy                            
0000218b  xQueueGenericCreate               
0000221f  vApplicationStackOverflowHook     
00002339  SYSCFG_DL_UART_0_init             
000023bd  SYSCFG_DL_UART_1_init             
00002441  SYSCFG_DL_UART_3_init             
000025cd  vTaskStepTick                     
00002651  xPortStartScheduler               
000026d1  eTaskConfirmSleepModeStatus       
000027c9  xTimerCreateTimerTask             
00002845  __TI_decompress_lzss              
00002939  vTaskPlaceOnEventListRestricted   
000029ad  pthread_exit                      
00002a89  vListInsert                       
00002af5  vQueueWaitForMessageRestricted    
00002b61  vTaskStartScheduler               
00002bc9  memset                            
00002c2d  pvTaskGetThreadLocalStoragePointer
00002c8d  Thread                            
00002d45  pthread_setcancelstate            
00002da1  main                              
00002df9  vPortSetupTimerInterrupt          
00002f3d  xTaskCreateStatic                 
00002f89  DL_UART_init                      
00002fd1  SYSCFG_DL_initPower               
00003019  uxListRemove                      
00003061  xTaskCreate                       
000030a9  xTaskGetApplicationTaskTag        
00003137  DL_Common_delayCycles             
00003141  PendSV_Handler                    
0000320d  __aeabi_uidiv                     
0000320d  __aeabi_uidivmod                  
00003289  __TI_auto_init_nobinit_nopinit    
000032c5  vListInsertEnd                    
00003339  xTaskGetSchedulerState            
000033a7  pthread_attr_setschedparam        
000033dd  vTaskPlaceOnEventList             
00003411  vTaskSetApplicationTaskTag        
00003445  vQueueDelete                      
00003479  DL_UART_transmitDataBlocking      
000034a9  SYSCFG_DL_GPIO_init               
000034d9  SysTick_Handler                   
00003597  pthread_attr_setdetachstate       
000035c5  vPortSVCHandler_C                 
000035f3  _pthread_cleanup_pop              
0000361f  vListInitialise                   
0000364d  vPortExitCritical                 
000036a5  SYSCFG_DL_init                    
000036cd  vApplicationGetIdleTaskMemory     
000036f5  vApplicationGetTimerTaskMemory    
0000371d  _c_int00_noargs                   
00003745  PTLS_taskDeleteHook               
00003769  __aeabi_memcpy                    
00003769  __aeabi_memcpy4                   
00003769  __aeabi_memcpy8                   
00003771  SVC_Handler                       
00003795  __aeabi_memclr                    
00003795  __aeabi_memclr4                   
00003795  __aeabi_memclr8                   
000037a1  vRestoreContextOfFirstTask        
000037c5  DL_UART_receiveDataBlocking       
000037e5  vTaskInternalSetTimeOutState      
00003841  SYSCFG_DL_SYSCTL_init             
0000385d  pthread_attr_init                 
00003879  pthread_self                      
00003891  vPortEnterCritical                
000038a9  vPortYield                        
000038c1  xTaskGetCurrentTaskHandle         
000038d5  xTaskGetTickCount                 
000038e9  DL_UART_setClockConfig            
000038fb  pthread_attr_setstacksize         
0000390d  __TI_decompress_none              
00003921  vStartFirstTask                   
00003931  vTaskSuspendAll                   
00003941  __TI_zero_init                    
00003951  __aeabi_memset                    
00003951  __aeabi_memset4                   
00003951  __aeabi_memset8                   
0000395f  vListInitialiseItem               
0000396d  vTaskMissedYield                  
00003979  ulSetInterruptMask                
00003981  vClearInterruptMask               
00003987  abort                             
0000398c  C$$EXIT                           
0000398d  HOSTexit                          
00003991  Reset_Handler                     
00003995  _system_pre_init                  
000039f0  __TI_Handler_Table_Base           
000039fc  __TI_Handler_Table_Limit          
00003a04  __TI_CINIT_Base                   
00003a14  __TI_CINIT_Limit                  
00003a14  __TI_CINIT_Warm                   
20200000  __start___llvm_prf_bits           
20200000  __start___llvm_prf_cnts           
20200000  __stop___llvm_prf_bits            
20200000  __stop___llvm_prf_cnts            
20201260  gUART_3Backup                     
20201350  pxCurrentTCB                      
20207e00  __stack                           
20208000  __STACK_END                       
ffffffff  __TI_pprof_out_hndl               
ffffffff  __TI_prof_data_size               
ffffffff  __TI_prof_data_start              
ffffffff  __binit__                         
ffffffff  binit                             
UNDEFED   __mpu_init                        
UNDEFED   _system_post_cinit                

[164 symbols]
